Archive member included to satisfy reference by file (symbol)

c:/users/east_/.eide/tools/gcc_arm/bin/../lib/gcc/arm-none-eabi/10.2.1/../../../../arm-none-eabi/lib/thumb/v7-m/nofp\libc_nano.a(lib_a-exit.o)
                              c:/users/east_/.eide/tools/gcc_arm/bin/../lib/gcc/arm-none-eabi/10.2.1/../../../../arm-none-eabi/lib/thumb/v7-m/nofp/crt0.o (exit)
c:/users/east_/.eide/tools/gcc_arm/bin/../lib/gcc/arm-none-eabi/10.2.1/../../../../arm-none-eabi/lib/thumb/v7-m/nofp\libc_nano.a(lib_a-impure.o)
                              c:/users/east_/.eide/tools/gcc_arm/bin/../lib/gcc/arm-none-eabi/10.2.1/../../../../arm-none-eabi/lib/thumb/v7-m/nofp\libc_nano.a(lib_a-exit.o) (_global_impure_ptr)
c:/users/east_/.eide/tools/gcc_arm/bin/../lib/gcc/arm-none-eabi/10.2.1/../../../../arm-none-eabi/lib/thumb/v7-m/nofp\libc_nano.a(lib_a-init.o)
                              c:/users/east_/.eide/tools/gcc_arm/bin/../lib/gcc/arm-none-eabi/10.2.1/../../../../arm-none-eabi/lib/thumb/v7-m/nofp/crt0.o (__libc_init_array)
c:/users/east_/.eide/tools/gcc_arm/bin/../lib/gcc/arm-none-eabi/10.2.1/../../../../arm-none-eabi/lib/thumb/v7-m/nofp\libc_nano.a(lib_a-memset.o)
                              c:/users/east_/.eide/tools/gcc_arm/bin/../lib/gcc/arm-none-eabi/10.2.1/../../../../arm-none-eabi/lib/thumb/v7-m/nofp/crt0.o (memset)
c:/users/east_/.eide/tools/gcc_arm/bin/../lib/gcc/arm-none-eabi/10.2.1/../../../../arm-none-eabi/lib/thumb/v7-m/nofp\libc_nano.a(lib_a-nano-vfprintf_float.o)
                              (_printf_float)
c:/users/east_/.eide/tools/gcc_arm/bin/../lib/gcc/arm-none-eabi/10.2.1/../../../../arm-none-eabi/lib/thumb/v7-m/nofp\libc_nano.a(lib_a-nano-vfprintf_i.o)
                              c:/users/east_/.eide/tools/gcc_arm/bin/../lib/gcc/arm-none-eabi/10.2.1/../../../../arm-none-eabi/lib/thumb/v7-m/nofp\libc_nano.a(lib_a-nano-vfprintf_float.o) (_printf_common)
c:/users/east_/.eide/tools/gcc_arm/bin/../lib/gcc/arm-none-eabi/10.2.1/../../../../arm-none-eabi/lib/thumb/v7-m/nofp\libc_nano.a(lib_a-strlen.o)
                              c:/users/east_/.eide/tools/gcc_arm/bin/../lib/gcc/arm-none-eabi/10.2.1/../../../../arm-none-eabi/lib/thumb/v7-m/nofp\libc_nano.a(lib_a-nano-vfprintf_float.o) (strlen)
c:/users/east_/.eide/tools/gcc_arm/bin/../lib/gcc/arm-none-eabi/10.2.1/../../../../arm-none-eabi/lib/thumb/v7-m/nofp\libc_nano.a(lib_a-dtoa.o)
                              c:/users/east_/.eide/tools/gcc_arm/bin/../lib/gcc/arm-none-eabi/10.2.1/../../../../arm-none-eabi/lib/thumb/v7-m/nofp\libc_nano.a(lib_a-nano-vfprintf_float.o) (_dtoa_r)
c:/users/east_/.eide/tools/gcc_arm/bin/../lib/gcc/arm-none-eabi/10.2.1/../../../../arm-none-eabi/lib/thumb/v7-m/nofp\libc_nano.a(lib_a-localeconv.o)
                              c:/users/east_/.eide/tools/gcc_arm/bin/../lib/gcc/arm-none-eabi/10.2.1/../../../../arm-none-eabi/lib/thumb/v7-m/nofp\libc_nano.a(lib_a-nano-vfprintf_float.o) (_localeconv_r)
c:/users/east_/.eide/tools/gcc_arm/bin/../lib/gcc/arm-none-eabi/10.2.1/../../../../arm-none-eabi/lib/thumb/v7-m/nofp\libc_nano.a(lib_a-malloc.o)
                              c:/users/east_/.eide/tools/gcc_arm/bin/../lib/gcc/arm-none-eabi/10.2.1/../../../../arm-none-eabi/lib/thumb/v7-m/nofp\libc_nano.a(lib_a-dtoa.o) (malloc)
c:/users/east_/.eide/tools/gcc_arm/bin/../lib/gcc/arm-none-eabi/10.2.1/../../../../arm-none-eabi/lib/thumb/v7-m/nofp\libc_nano.a(lib_a-memchr-stub.o)
                              c:/users/east_/.eide/tools/gcc_arm/bin/../lib/gcc/arm-none-eabi/10.2.1/../../../../arm-none-eabi/lib/thumb/v7-m/nofp\libc_nano.a(lib_a-nano-vfprintf_i.o) (memchr)
c:/users/east_/.eide/tools/gcc_arm/bin/../lib/gcc/arm-none-eabi/10.2.1/../../../../arm-none-eabi/lib/thumb/v7-m/nofp\libc_nano.a(lib_a-memcpy-stub.o)
                              c:/users/east_/.eide/tools/gcc_arm/bin/../lib/gcc/arm-none-eabi/10.2.1/../../../../arm-none-eabi/lib/thumb/v7-m/nofp\libc_nano.a(lib_a-dtoa.o) (memcpy)
c:/users/east_/.eide/tools/gcc_arm/bin/../lib/gcc/arm-none-eabi/10.2.1/../../../../arm-none-eabi/lib/thumb/v7-m/nofp\libc_nano.a(lib_a-mprec.o)
                              c:/users/east_/.eide/tools/gcc_arm/bin/../lib/gcc/arm-none-eabi/10.2.1/../../../../arm-none-eabi/lib/thumb/v7-m/nofp\libc_nano.a(lib_a-dtoa.o) (_Balloc)
c:/users/east_/.eide/tools/gcc_arm/bin/../lib/gcc/arm-none-eabi/10.2.1/../../../../arm-none-eabi/lib/thumb/v7-m/nofp\libc_nano.a(lib_a-nano-callocr.o)
                              c:/users/east_/.eide/tools/gcc_arm/bin/../lib/gcc/arm-none-eabi/10.2.1/../../../../arm-none-eabi/lib/thumb/v7-m/nofp\libc_nano.a(lib_a-mprec.o) (_calloc_r)
c:/users/east_/.eide/tools/gcc_arm/bin/../lib/gcc/arm-none-eabi/10.2.1/../../../../arm-none-eabi/lib/thumb/v7-m/nofp\libc_nano.a(lib_a-nano-freer.o)
                              c:/users/east_/.eide/tools/gcc_arm/bin/../lib/gcc/arm-none-eabi/10.2.1/../../../../arm-none-eabi/lib/thumb/v7-m/nofp\libc_nano.a(lib_a-malloc.o) (_free_r)
[...]
Memory Configuration

Name             Origin             Length             Attributes
RAM              0x20000000         0x00005000         xrw
FLASH            0x08000000         0x00010000         xr
*default*        0x00000000         0xffffffff

Linker script and memory map

LOAD c:/users/east_/.eide/tools/gcc_arm/bin/../lib/gcc/arm-none-eabi/10.2.1/thumb/v7-m/nofp/crti.o
LOAD c:/users/east_/.eide/tools/gcc_arm/bin/../lib/gcc/arm-none-eabi/10.2.1/thumb/v7-m/nofp/crtbegin.o
LOAD c:/users/east_/.eide/tools/gcc_arm/bin/../lib/gcc/arm-none-eabi/10.2.1/../../../../arm-none-eabi/lib/thumb/v7-m/nofp/crt0.o
START GROUP
LOAD c:/users/east_/.eide/tools/gcc_arm/bin/../lib/gcc/arm-none-eabi/10.2.1/../../../../arm-none-eabi/lib/thumb/v7-m/nofp\libc_nano.a
LOAD c:/users/east_/.eide/tools/gcc_arm/bin/../lib/gcc/arm-none-eabi/10.2.1/../../../../arm-none-eabi/lib/thumb/v7-m/nofp\libm.a
END GROUP
LOAD CMakeFiles/iic.dir/Core/Src/aht20.c.obj
LOAD CMakeFiles/iic.dir/Core/Src/main.c.obj
LOAD CMakeFiles/iic.dir/Core/Src/gpio.c.obj
LOAD CMakeFiles/iic.dir/Core/Src/i2c.c.obj
LOAD CMakeFiles/iic.dir/Core/Src/usart.c.obj
LOAD CMakeFiles/iic.dir/Core/Src/stm32f1xx_it.c.obj
LOAD CMakeFiles/iic.dir/Core/Src/stm32f1xx_hal_msp.c.obj
LOAD CMakeFiles/iic.dir/Drivers/STM32F1xx_HAL_Driver/Src/stm32f1xx_hal_gpio_ex.c.obj
LOAD CMakeFiles/iic.dir/Drivers/STM32F1xx_HAL_Driver/Src/stm32f1xx_hal_i2c.c.obj
LOAD CMakeFiles/iic.dir/Drivers/STM32F1xx_HAL_Driver/Src/stm32f1xx_hal.c.obj
LOAD CMakeFiles/iic.dir/Drivers/STM32F1xx_HAL_Driver/Src/stm32f1xx_hal_rcc.c.obj
LOAD CMakeFiles/iic.dir/Drivers/STM32F1xx_HAL_Driver/Src/stm32f1xx_hal_rcc_ex.c.obj
LOAD CMakeFiles/iic.dir/Drivers/STM32F1xx_HAL_Driver/Src/stm32f1xx_hal_gpio.c.obj
LOAD CMakeFiles/iic.dir/Drivers/STM32F1xx_HAL_Driver/Src/stm32f1xx_hal_dma.c.obj
LOAD CMakeFiles/iic.dir/Drivers/STM32F1xx_HAL_Driver/Src/stm32f1xx_hal_cortex.c.obj
LOAD CMakeFiles/iic.dir/Drivers/STM32F1xx_HAL_Driver/Src/stm32f1xx_hal_pwr.c.obj
LOAD CMakeFiles/iic.dir/Drivers/STM32F1xx_HAL_Driver/Src/stm32f1xx_hal_flash.c.obj
LOAD CMakeFiles/iic.dir/Drivers/STM32F1xx_HAL_Driver/Src/stm32f1xx_hal_flash_ex.c.obj
LOAD CMakeFiles/iic.dir/Drivers/STM32F1xx_HAL_Driver/Src/stm32f1xx_hal_exti.c.obj
LOAD CMakeFiles/iic.dir/Drivers/STM32F1xx_HAL_Driver/Src/stm32f1xx_hal_tim.c.obj
LOAD CMakeFiles/iic.dir/Drivers/STM32F1xx_HAL_Driver/Src/stm32f1xx_hal_tim_ex.c.obj
LOAD CMakeFiles/iic.dir/Drivers/STM32F1xx_HAL_Driver/Src/stm32f1xx_hal_uart.c.obj
LOAD CMakeFiles/iic.dir/Core/Src/system_stm32f1xx.c.obj
LOAD CMakeFiles/iic.dir/Core/Src/sysmem.c.obj
LOAD CMakeFiles/iic.dir/Core/Src/syscalls.c.obj
LOAD CMakeFiles/iic.dir/startup_stm32f103xb.s.obj
START GROUP
LOAD c:/users/east_/.eide/tools/gcc_arm/bin/../lib/gcc/arm-none-eabi/10.2.1/thumb/v7-m/nofp\libgcc.a
LOAD c:/users/east_/.eide/tools/gcc_arm/bin/../lib/gcc/arm-none-eabi/10.2.1/../../../../arm-none-eabi/lib/thumb/v7-m/nofp\libg_nano.a
LOAD c:/users/east_/.eide/tools/gcc_arm/bin/../lib/gcc/arm-none-eabi/10.2.1/../../../../arm-none-eabi/lib/thumb/v7-m/nofp\libc_nano.a
END GROUP
START GROUP
LOAD c:/users/east_/.eide/tools/gcc_arm/bin/../lib/gcc/arm-none-eabi/10.2.1/thumb/v7-m/nofp\libgcc.a
LOAD c:/users/east_/.eide/tools/gcc_arm/bin/../lib/gcc/arm-none-eabi/10.2.1/../../../../arm-none-eabi/lib/thumb/v7-m/nofp\libc_nano.a
END GROUP
LOAD c:/users/east_/.eide/tools/gcc_arm/bin/../lib/gcc/arm-none-eabi/10.2.1/thumb/v7-m/nofp/crtend.o
LOAD c:/users/east_/.eide/tools/gcc_arm/bin/../lib/gcc/arm-none-eabi/10.2.1/thumb/v7-m/nofp/crtn.o
                0x20005000                _estack = (ORIGIN (RAM) + LENGTH (RAM))
                0x00000200                _Min_Heap_Size = 0x200
                0x00000400                _Min_Stack_Size = 0x400

.isr_vector     0x08000000      0x10c
                0x08000000                . = ALIGN (0x4)
 *(.isr_vector)
 .isr_vector    0x08000000      0x10c CMakeFiles/iic.dir/startup_stm32f103xb.s.obj
                0x08000000                g_pfnVectors
                0x0800010c                . = ALIGN (0x4)

.text           0x08000110     0x75dc
                0x08000110                . = ALIGN (0x4)
 *(.text)
 .text          0x08000110       0x40 c:/users/east_/.eide/tools/gcc_arm/bin/../lib/gcc/arm-none-eabi/10.2.1/thumb/v7-m/nofp/crtbegin.o
 .text          0x08000150       0x10 c:/users/east_/.eide/tools/gcc_arm/bin/../lib/gcc/arm-none-eabi/10.2.1/../../../../arm-none-eabi/lib/thumb/v7-m/nofp\libc_nano.a(lib_a-strlen.o)
                0x08000150                strlen
 .text          0x08000160      0x378 c:/users/east_/.eide/tools/gcc_arm/bin/../lib/gcc/arm-none-eabi/10.2.1/thumb/v7-m/nofp\libgcc.a(_arm_addsubdf3.o)
                0x08000160                __aeabi_drsub
                0x08000168                __aeabi_dsub
                0x08000168                __subdf3
                0x0800016c                __aeabi_dadd
                0x0800016c                __adddf3
                0x080003e4                __floatunsidf
                0x080003e4                __aeabi_ui2d
                0x08000404                __floatsidf
                0x08000404                __aeabi_i2d
                0x08000428                __aeabi_f2d
                0x08000428                __extendsfdf2
                0x0800046c                __floatundidf
                0x0800046c                __aeabi_ul2d
                0x0800047c                __floatdidf
                0x0800047c                __aeabi_l2d
 .text          0x080004d8      0x424 c:/users/east_/.eide/tools/gcc_arm/bin/../lib/gcc/arm-none-eabi/10.2.1/thumb/v7-m/nofp\libgcc.a(_arm_muldivdf3.o)
                0x080004d8                __aeabi_dmul
                0x080004d8                __muldf3
                0x0800072c                __divdf3
                0x0800072c                __aeabi_ddiv
 .text          0x080008fc      0x110 c:/users/east_/.eide/tools/gcc_arm/bin/../lib/gcc/arm-none-eabi/10.2.1/thumb/v7-m/nofp\libgcc.a(_arm_cmpdf2.o)
                0x080008fc                __gtdf2
                0x080008fc                __gedf2
                0x08000904                __ltdf2
                0x08000904                __ledf2
                0x0800090c                __nedf2
                0x0800090c                __eqdf2
                0x0800090c                __cmpdf2
                0x08000988                __aeabi_cdrcmple
                0x08000998                __aeabi_cdcmpeq
                0x08000998                __aeabi_cdcmple
                0x080009a8                __aeabi_dcmpeq
                0x080009bc                __aeabi_dcmplt
                0x080009d0                __aeabi_dcmple
                0x080009e4                __aeabi_dcmpge
                0x080009f8                __aeabi_dcmpgt
 .text          0x08000a0c       0x2c c:/users/east_/.eide/tools/gcc_arm/bin/../lib/gcc/arm-none-eabi/10.2.1/thumb/v7-m/nofp\libgcc.a(_arm_unorddf2.o)
                0x08000a0c                __unorddf2
                0x08000a0c                __aeabi_dcmpun
 .text          0x08000a38       0x50 c:/users/east_/.eide/tools/gcc_arm/bin/../lib/gcc/arm-none-eabi/10.2.1/thumb/v7-m/nofp\libgcc.a(_arm_fixdfsi.o)
                0x08000a38                __aeabi_d2iz
                0x08000a38                __fixdfsi
 .text          0x08000a88      0x21c c:/users/east_/.eide/tools/gcc_arm/bin/../lib/gcc/arm-none-eabi/10.2.1/thumb/v7-m/nofp\libgcc.a(_arm_addsubsf3.o)
                0x08000a88                __aeabi_frsub
                0x08000a90                __subsf3
                0x08000a90                __aeabi_fsub
                0x08000a94                __aeabi_fadd
                0x08000a94                __addsf3
                0x08000bf4                __aeabi_ui2f
                0x08000bf4                __floatunsisf
                0x08000bfc                __aeabi_i2f
                0x08000bfc                __floatsisf
                0x08000c18                __aeabi_ul2f
                0x08000c18                __floatundisf
                0x08000c28                __aeabi_l2f
                0x08000c28                __floatdisf
 .text          0x08000ca4      0x2a0 c:/users/east_/.eide/tools/gcc_arm/bin/../lib/gcc/arm-none-eabi/10.2.1/thumb/v7-m/nofp\libgcc.a(_arm_muldivsf3.o)
                0x08000ca4                __mulsf3
                0x08000ca4                __aeabi_fmul
                0x08000e0c                __aeabi_fdiv
                0x08000e0c                __divsf3
 *(.text*)
 .text.__libc_init_array
                0x08000f44       0x48 c:/users/east_/.eide/tools/gcc_arm/bin/../lib/gcc/arm-none-eabi/10.2.1/../../../../arm-none-eabi/lib/thumb/v7-m/nofp\libc_nano.a(lib_a-init.o)
                0x08000f44                __libc_init_array
 .text.memset   0x08000f8c       0x10 c:/users/east_/.eide/tools/gcc_arm/bin/../lib/gcc/arm-none-eabi/10.2.1/../../../../arm-none-eabi/lib/thumb/v7-m/nofp\libc_nano.a(lib_a-memset.o)
                0x08000f8c                memset
 .text.__cvt    0x08000f9c       0xbe c:/users/east_/.eide/tools/gcc_arm/bin/../lib/gcc/arm-none-eabi/10.2.1/../../../../arm-none-eabi/lib/thumb/v7-m/nofp\libc_nano.a(lib_a-nano-vfprintf_float.o)
                0x08000f9c                __cvt
 .text.__exponent
                0x0800105a       0x7c c:/users/east_/.eide/tools/gcc_arm/bin/../lib/gcc/arm-none-eabi/10.2.1/../../../../arm-none-eabi/lib/thumb/v7-m/nofp\libc_nano.a(lib_a-nano-vfprintf_float.o)
                0x0800105a                __exponent
 *fill*         0x080010d6        0x2 
 .text._printf_float
                0x080010d8      0x458 c:/users/east_/.eide/tools/gcc_arm/bin/../lib/gcc/arm-none-eabi/10.2.1/../../../../arm-none-eabi/lib/thumb/v7-m/nofp\libc_nano.a(lib_a-nano-vfprintf_float.o)
                0x080010d8                _printf_float
 .text._printf_common
                0x08001530       0xde c:/users/east_/.eide/tools/gcc_arm/bin/../lib/gcc/arm-none-eabi/10.2.1/../../../../arm-none-eabi/lib/thumb/v7-m/nofp\libc_nano.a(lib_a-nano-vfprintf_i.o)
                0x08001530                _printf_common
 *fill*         0x0800160e        0x2 
 .text._printf_i
                0x08001610      0x24c c:/users/east_/.eide/tools/gcc_arm/bin/../lib/gcc/arm-none-eabi/10.2.1/../../../../arm-none-eabi/lib/thumb/v7-m/nofp\libc_nano.a(lib_a-nano-vfprintf_i.o)
                0x08001610                _printf_i
 .text.quorem   0x0800185c      0x118 c:/users/east_/.eide/tools/gcc_arm/bin/../lib/gcc/arm-none-eabi/10.2.1/../../../../arm-none-eabi/lib/thumb/v7-m/nofp\libc_nano.a(lib_a-dtoa.o)
 *fill*         0x08001974        0x4 
 .text._dtoa_r  0x08001978      0xbdc c:/users/east_/.eide/tools/gcc_arm/bin/../lib/gcc/arm-none-eabi/10.2.1/../../../../arm-none-eabi/lib/thumb/v7-m/nofp\libc_nano.a(lib_a-dtoa.o)
                0x08001978                _dtoa_r
 .text._localeconv_r
                0x08002554        0x8 c:/users/east_/.eide/tools/gcc_arm/bin/../lib/gcc/arm-none-eabi/10.2.1/../../../../arm-none-eabi/lib/thumb/v7-m/nofp\libc_nano.a(lib_a-localeconv.o)
                0x08002554                _localeconv_r
 .text.malloc   0x0800255c       0x10 c:/users/east_/.eide/tools/gcc_arm/bin/../lib/gcc/arm-none-eabi/10.2.1/../../../../arm-none-eabi/lib/thumb/v7-m/nofp\libc_nano.a(lib_a-malloc.o)
                0x0800255c                malloc
 .text.memchr   0x0800256c       0x1c c:/users/east_/.eide/tools/gcc_arm/bin/../lib/gcc/arm-none-eabi/10.2.1/../../../../arm-none-eabi/lib/thumb/v7-m/nofp\libc_nano.a(lib_a-memchr-stub.o)
                0x0800256c                memchr
 .text.memcpy   0x08002588       0x1c c:/users/east_/.eide/tools/gcc_arm/bin/../lib/gcc/arm-none-eabi/10.2.1/../../../../arm-none-eabi/lib/thumb/v7-m/nofp\libc_nano.a(lib_a-memcpy-stub.o)
                0x08002588                memcpy
 .text._Balloc  0x080025a4       0x80 c:/users/east_/.eide/tools/gcc_arm/bin/../lib/gcc/arm-none-eabi/10.2.1/../../../../arm-none-eabi/lib/thumb/v7-m/nofp\libc_nano.a(lib_a-mprec.o)
                0x080025a4                _Balloc
 .text._Bfree   0x08002624       0x44 c:/users/east_/.eide/tools/gcc_arm/bin/../lib/gcc/arm-none-eabi/10.2.1/../../../../arm-none-eabi/lib/thumb/v7-m/nofp\libc_nano.a(lib_a-mprec.o)
                0x08002624                _Bfree
 .text.__multadd
                0x08002668       0x8c c:/users/east_/.eide/tools/gcc_arm/bin/../lib/gcc/arm-none-eabi/10.2.1/../../../../arm-none-eabi/lib/thumb/v7-m/nofp\libc_nano.a(lib_a-mprec.o)
                0x08002668                __multadd
 .text.__hi0bits
                0x080026f4       0x40 c:/users/east_/.eide/tools/gcc_arm/bin/../lib/gcc/arm-none-eabi/10.2.1/../../../../arm-none-eabi/lib/thumb/v7-m/nofp\libc_nano.a(lib_a-mprec.o)
                0x080026f4                __hi0bits
 .text.__lo0bits
                0x08002734       0x5a c:/users/east_/.eide/tools/gcc_arm/bin/../lib/gcc/arm-none-eabi/10.2.1/../../../../arm-none-eabi/lib/thumb/v7-m/nofp\libc_nano.a(lib_a-mprec.o)
                0x08002734                __lo0bits
 *fill*         0x0800278e        0x2 
 .text.__i2b    0x08002790       0x2c c:/users/east_/.eide/tools/gcc_arm/bin/../lib/gcc/arm-none-eabi/10.2.1/../../../../arm-none-eabi/lib/thumb/v7-m/nofp\libc_nano.a(lib_a-mprec.o)
                0x08002790                __i2b
 .text.__multiply
                0x080027bc      0x150 c:/users/east_/.eide/tools/gcc_arm/bin/../lib/gcc/arm-none-eabi/10.2.1/../../../../arm-none-eabi/lib/thumb/v7-m/nofp\libc_nano.a(lib_a-mprec.o)
                0x080027bc                __multiply
 .text.__pow5mult
                0x0800290c       0xb4 c:/users/east_/.eide/tools/gcc_arm/bin/../lib/gcc/arm-none-eabi/10.2.1/../../../../arm-none-eabi/lib/thumb/v7-m/nofp\libc_nano.a(lib_a-mprec.o)
                0x0800290c                __pow5mult
 .text.__lshift
                0x080029c0       0xe0 c:/users/east_/.eide/tools/gcc_arm/bin/../lib/gcc/arm-none-eabi/10.2.1/../../../../arm-none-eabi/lib/thumb/v7-m/nofp\libc_nano.a(lib_a-mprec.o)
                0x080029c0                __lshift
 .text.__mcmp   0x08002aa0       0x36 c:/users/east_/.eide/tools/gcc_arm/bin/../lib/gcc/arm-none-eabi/10.2.1/../../../../arm-none-eabi/lib/thumb/v7-m/nofp\libc_nano.a(lib_a-mprec.o)
                0x08002aa0                __mcmp
 *fill*         0x08002ad6        0x2 
 .text.__mdiff  0x08002ad8      0x118 c:/users/east_/.eide/tools/gcc_arm/bin/../lib/gcc/arm-none-eabi/10.2.1/../../../../arm-none-eabi/lib/thumb/v7-m/nofp\libc_nano.a(lib_a-mprec.o)
                0x08002ad8                __mdiff
 .text.__d2b    0x08002bf0       0xb8 c:/users/east_/.eide/tools/gcc_arm/bin/../lib/gcc/arm-none-eabi/10.2.1/../../../../arm-none-eabi/lib/thumb/v7-m/nofp\libc_nano.a(lib_a-mprec.o)
                0x08002bf0                __d2b
 .text._calloc_r
                0x08002ca8       0x1c c:/users/east_/.eide/tools/gcc_arm/bin/../lib/gcc/arm-none-eabi/10.2.1/../../../../arm-none-eabi/lib/thumb/v7-m/nofp\libc_nano.a(lib_a-nano-callocr.o)
                0x08002ca8                _calloc_r
 .text._free_r  0x08002cc4       0x90 c:/users/east_/.eide/tools/gcc_arm/bin/../lib/gcc/arm-none-eabi/10.2.1/../../../../arm-none-eabi/lib/thumb/v7-m/nofp\libc_nano.a(lib_a-nano-freer.o)
                0x08002cc4                _free_r
 .text._malloc_r
                0x08002d54       0xb4 c:/users/east_/.eide/tools/gcc_arm/bin/../lib/gcc/arm-none-eabi/10.2.1/../../../../arm-none-eabi/lib/thumb/v7-m/nofp\libc_nano.a(lib_a-nano-mallocr.o)
                0x08002d54                _malloc_r
 .text._sbrk_r  0x08002e08       0x20 c:/users/east_/.eide/tools/gcc_arm/bin/../lib/gcc/arm-none-eabi/10.2.1/../../../../arm-none-eabi/lib/thumb/v7-m/nofp\libc_nano.a(lib_a-sbrkr.o)
                0x08002e08                _sbrk_r
 .text.__assert_func
                0x08002e28       0x3c c:/users/east_/.eide/tools/gcc_arm/bin/../lib/gcc/arm-none-eabi/10.2.1/../../../../arm-none-eabi/lib/thumb/v7-m/nofp\libc_nano.a(lib_a-assert.o)
                0x08002e28                __assert_func
 .text.fprintf  0x08002e64       0x24 c:/users/east_/.eide/tools/gcc_arm/bin/../lib/gcc/arm-none-eabi/10.2.1/../../../../arm-none-eabi/lib/thumb/v7-m/nofp\libc_nano.a(lib_a-fprintf.o)
                0x08002e64                fiprintf
                0x08002e64                fprintf
 .text.__ascii_mbtowc
                0x08002e88       0x24 c:/users/east_/.eide/tools/gcc_arm/bin/../lib/gcc/arm-none-eabi/10.2.1/../../../../arm-none-eabi/lib/thumb/v7-m/nofp\libc_nano.a(lib_a-mbtowc_r.o)
                0x08002e88                __ascii_mbtowc
 .text.__malloc_lock
                0x08002eac        0xc c:/users/east_/.eide/tools/gcc_arm/bin/../lib/gcc/arm-none-eabi/10.2.1/../../../../arm-none-eabi/lib/thumb/v7-m/nofp\libc_nano.a(lib_a-mlock.o)
                0x08002eac                __malloc_lock
 .text.__malloc_unlock
                0x08002eb8        0xc c:/users/east_/.eide/tools/gcc_arm/bin/../lib/gcc/arm-none-eabi/10.2.1/../../../../arm-none-eabi/lib/thumb/v7-m/nofp\libc_nano.a(lib_a-mlock.o)
                0x08002eb8                __malloc_unlock
 .text.__sfputc_r
                0x08002ec4       0x2a c:/users/east_/.eide/tools/gcc_arm/bin/../lib/gcc/arm-none-eabi/10.2.1/../../../../arm-none-eabi/lib/thumb/v7-m/nofp\libc_nano.a(lib_a-nano-vfprintf.o)
 .text.__sfputs_r
                0x08002eee       0x24 c:/users/east_/.eide/tools/gcc_arm/bin/../lib/gcc/arm-none-eabi/10.2.1/../../../../arm-none-eabi/lib/thumb/v7-m/nofp\libc_nano.a(lib_a-nano-vfprintf.o)
                0x08002eee                __sfputs_r
 *fill*         0x08002f12        0x2 
 .text._vfprintf_r
                0x08002f14      0x260 c:/users/east_/.eide/tools/gcc_arm/bin/../lib/gcc/arm-none-eabi/10.2.1/../../../../arm-none-eabi/lib/thumb/v7-m/nofp\libc_nano.a(lib_a-nano-vfprintf.o)
                0x08002f14                _vfprintf_r
                0x08002f14                _vfiprintf_r
 .text.__swbuf_r
                0x08003174       0xa4 c:/users/east_/.eide/tools/gcc_arm/bin/../lib/gcc/arm-none-eabi/10.2.1/../../../../arm-none-eabi/lib/thumb/v7-m/nofp\libc_nano.a(lib_a-wbuf.o)
                0x08003174                __swbuf_r
 .text.__ascii_wctomb
                0x08003218       0x1a c:/users/east_/.eide/tools/gcc_arm/bin/../lib/gcc/arm-none-eabi/10.2.1/../../../../arm-none-eabi/lib/thumb/v7-m/nofp\libc_nano.a(lib_a-wctomb_r.o)
                0x08003218                __ascii_wctomb
 *fill*         0x08003232        0x2 
 .text.__swsetup_r
                0x08003234       0xdc c:/users/east_/.eide/tools/gcc_arm/bin/../lib/gcc/arm-none-eabi/10.2.1/../../../../arm-none-eabi/lib/thumb/v7-m/nofp\libc_nano.a(lib_a-wsetup.o)
                0x08003234                __swsetup_r
 .text.abort    0x08003310        0xe c:/users/east_/.eide/tools/gcc_arm/bin/../lib/gcc/arm-none-eabi/10.2.1/../../../../arm-none-eabi/lib/thumb/v7-m/nofp\libc_nano.a(lib_a-abort.o)
                0x08003310                abort
 *fill*         0x0800331e        0x2 
 .text.__sflush_r
                0x08003320      0x104 c:/users/east_/.eide/tools/gcc_arm/bin/../lib/gcc/arm-none-eabi/10.2.1/../../../../arm-none-eabi/lib/thumb/v7-m/nofp\libc_nano.a(lib_a-fflush.o)
                0x08003320                __sflush_r
 .text._fflush_r
                0x08003424       0x78 c:/users/east_/.eide/tools/gcc_arm/bin/../lib/gcc/arm-none-eabi/10.2.1/../../../../arm-none-eabi/lib/thumb/v7-m/nofp\libc_nano.a(lib_a-fflush.o)
                0x08003424                _fflush_r
 .text.std      0x0800349c       0x48 c:/users/east_/.eide/tools/gcc_arm/bin/../lib/gcc/arm-none-eabi/10.2.1/../../../../arm-none-eabi/lib/thumb/v7-m/nofp\libc_nano.a(lib_a-findfp.o)
 .text._cleanup_r
                0x080034e4        0xc c:/users/east_/.eide/tools/gcc_arm/bin/../lib/gcc/arm-none-eabi/10.2.1/../../../../arm-none-eabi/lib/thumb/v7-m/nofp\libc_nano.a(lib_a-findfp.o)
                0x080034e4                _cleanup_r
 .text.__sfmoreglue
                0x080034f0       0x2c c:/users/east_/.eide/tools/gcc_arm/bin/../lib/gcc/arm-none-eabi/10.2.1/../../../../arm-none-eabi/lib/thumb/v7-m/nofp\libc_nano.a(lib_a-findfp.o)
                0x080034f0                __sfmoreglue
 .text.__sfp_lock_acquire
                0x0800351c        0xc c:/users/east_/.eide/tools/gcc_arm/bin/../lib/gcc/arm-none-eabi/10.2.1/../../../../arm-none-eabi/lib/thumb/v7-m/nofp\libc_nano.a(lib_a-findfp.o)
                0x0800351c                __sfp_lock_acquire
 .text.__sfp_lock_release
                0x08003528        0xc c:/users/east_/.eide/tools/gcc_arm/bin/../lib/gcc/arm-none-eabi/10.2.1/../../../../arm-none-eabi/lib/thumb/v7-m/nofp\libc_nano.a(lib_a-findfp.o)
                0x08003528                __sfp_lock_release
 .text.__sinit_lock_acquire
                0x08003534        0xc c:/users/east_/.eide/tools/gcc_arm/bin/../lib/gcc/arm-none-eabi/10.2.1/../../../../arm-none-eabi/lib/thumb/v7-m/nofp\libc_nano.a(lib_a-findfp.o)
                0x08003534                __sinit_lock_acquire
 .text.__sinit_lock_release
                0x08003540        0xc c:/users/east_/.eide/tools/gcc_arm/bin/../lib/gcc/arm-none-eabi/10.2.1/../../../../arm-none-eabi/lib/thumb/v7-m/nofp\libc_nano.a(lib_a-findfp.o)
                0x08003540                __sinit_lock_release
 .text.__sinit  0x0800354c       0x70 c:/users/east_/.eide/tools/gcc_arm/bin/../lib/gcc/arm-none-eabi/10.2.1/../../../../arm-none-eabi/lib/thumb/v7-m/nofp\libc_nano.a(lib_a-findfp.o)
                0x0800354c                __sinit
 .text.__sfp    0x080035bc       0x8c c:/users/east_/.eide/tools/gcc_arm/bin/../lib/gcc/arm-none-eabi/10.2.1/../../../../arm-none-eabi/lib/thumb/v7-m/nofp\libc_nano.a(lib_a-findfp.o)
                0x080035bc                __sfp
 .text._fwalk_reent
                0x08003648       0x3e c:/users/east_/.eide/tools/gcc_arm/bin/../lib/gcc/arm-none-eabi/10.2.1/../../../../arm-none-eabi/lib/thumb/v7-m/nofp\libc_nano.a(lib_a-fwalk.o)
                0x08003648                _fwalk_reent
 .text.__retarget_lock_init_recursive
                0x08003686        0x2 c:/users/east_/.eide/tools/gcc_arm/bin/../lib/gcc/arm-none-eabi/10.2.1/../../../../arm-none-eabi/lib/thumb/v7-m/nofp\libc_nano.a(lib_a-lock.o)
                0x08003686                __retarget_lock_init_recursive
 .text.__retarget_lock_acquire_recursive
                0x08003688        0x2 c:/users/east_/.eide/tools/gcc_arm/bin/../lib/gcc/arm-none-eabi/10.2.1/../../../../arm-none-eabi/lib/thumb/v7-m/nofp\libc_nano.a(lib_a-lock.o)
                0x08003688                __retarget_lock_acquire_recursive
 .text.__retarget_lock_release_recursive
                0x0800368a        0x2 c:/users/east_/.eide/tools/gcc_arm/bin/../lib/gcc/arm-none-eabi/10.2.1/../../../../arm-none-eabi/lib/thumb/v7-m/nofp\libc_nano.a(lib_a-lock.o)
                0x0800368a                __retarget_lock_release_recursive
 .text.__swhatbuf_r
                0x0800368c       0x4a c:/users/east_/.eide/tools/gcc_arm/bin/../lib/gcc/arm-none-eabi/10.2.1/../../../../arm-none-eabi/lib/thumb/v7-m/nofp\libc_nano.a(lib_a-makebuf.o)
                0x0800368c                __swhatbuf_r
 *fill*         0x080036d6        0x2 
 .text.__smakebuf_r
                0x080036d8       0x80 c:/users/east_/.eide/tools/gcc_arm/bin/../lib/gcc/arm-none-eabi/10.2.1/../../../../arm-none-eabi/lib/thumb/v7-m/nofp\libc_nano.a(lib_a-makebuf.o)
                0x080036d8                __smakebuf_r
 .text.memmove  0x08003758       0x34 c:/users/east_/.eide/tools/gcc_arm/bin/../lib/gcc/arm-none-eabi/10.2.1/../../../../arm-none-eabi/lib/thumb/v7-m/nofp\libc_nano.a(lib_a-memmove.o)
                0x08003758                memmove
 .text._realloc_r
                0x0800378c       0x4c c:/users/east_/.eide/tools/gcc_arm/bin/../lib/gcc/arm-none-eabi/10.2.1/../../../../arm-none-eabi/lib/thumb/v7-m/nofp\libc_nano.a(lib_a-nano-reallocr.o)
                0x0800378c                _realloc_r
 .text._raise_r
                0x080037d8       0x50 c:/users/east_/.eide/tools/gcc_arm/bin/../lib/gcc/arm-none-eabi/10.2.1/../../../../arm-none-eabi/lib/thumb/v7-m/nofp\libc_nano.a(lib_a-signal.o)
                0x080037d8                _raise_r
 .text.raise    0x08003828       0x10 c:/users/east_/.eide/tools/gcc_arm/bin/../lib/gcc/arm-none-eabi/10.2.1/../../../../arm-none-eabi/lib/thumb/v7-m/nofp\libc_nano.a(lib_a-signal.o)
                0x08003828                raise
 .text._kill_r  0x08003838       0x24 c:/users/east_/.eide/tools/gcc_arm/bin/../lib/gcc/arm-none-eabi/10.2.1/../../../../arm-none-eabi/lib/thumb/v7-m/nofp\libc_nano.a(lib_a-signalr.o)
                0x08003838                _kill_r
 .text._getpid_r
                0x0800385c        0x4 c:/users/east_/.eide/tools/gcc_arm/bin/../lib/gcc/arm-none-eabi/10.2.1/../../../../arm-none-eabi/lib/thumb/v7-m/nofp\libc_nano.a(lib_a-signalr.o)
                0x0800385c                _getpid_r
 .text.__sread  0x08003860       0x22 c:/users/east_/.eide/tools/gcc_arm/bin/../lib/gcc/arm-none-eabi/10.2.1/../../../../arm-none-eabi/lib/thumb/v7-m/nofp\libc_nano.a(lib_a-stdio.o)
                0x08003860                __sread
 .text.__swrite
                0x08003882       0x38 c:/users/east_/.eide/tools/gcc_arm/bin/../lib/gcc/arm-none-eabi/10.2.1/../../../../arm-none-eabi/lib/thumb/v7-m/nofp\libc_nano.a(lib_a-stdio.o)
                0x08003882                __swrite
 .text.__sseek  0x080038ba       0x24 c:/users/east_/.eide/tools/gcc_arm/bin/../lib/gcc/arm-none-eabi/10.2.1/../../../../arm-none-eabi/lib/thumb/v7-m/nofp\libc_nano.a(lib_a-stdio.o)
                0x080038ba                __sseek
 .text.__sclose
                0x080038de        0x8 c:/users/east_/.eide/tools/gcc_arm/bin/../lib/gcc/arm-none-eabi/10.2.1/../../../../arm-none-eabi/lib/thumb/v7-m/nofp\libc_nano.a(lib_a-stdio.o)
                0x080038de                __sclose
 *fill*         0x080038e6        0x2 
 .text._write_r
                0x080038e8       0x24 c:/users/east_/.eide/tools/gcc_arm/bin/../lib/gcc/arm-none-eabi/10.2.1/../../../../arm-none-eabi/lib/thumb/v7-m/nofp\libc_nano.a(lib_a-writer.o)
                0x080038e8                _write_r
 .text._close_r
                0x0800390c       0x20 c:/users/east_/.eide/tools/gcc_arm/bin/../lib/gcc/arm-none-eabi/10.2.1/../../../../arm-none-eabi/lib/thumb/v7-m/nofp\libc_nano.a(lib_a-closer.o)
                0x0800390c                _close_r
 .text._fstat_r
                0x0800392c       0x24 c:/users/east_/.eide/tools/gcc_arm/bin/../lib/gcc/arm-none-eabi/10.2.1/../../../../arm-none-eabi/lib/thumb/v7-m/nofp\libc_nano.a(lib_a-fstatr.o)
                0x0800392c                _fstat_r
 .text._isatty_r
                0x08003950       0x20 c:/users/east_/.eide/tools/gcc_arm/bin/../lib/gcc/arm-none-eabi/10.2.1/../../../../arm-none-eabi/lib/thumb/v7-m/nofp\libc_nano.a(lib_a-isattyr.o)
                0x08003950                _isatty_r
 .text._lseek_r
                0x08003970       0x24 c:/users/east_/.eide/tools/gcc_arm/bin/../lib/gcc/arm-none-eabi/10.2.1/../../../../arm-none-eabi/lib/thumb/v7-m/nofp\libc_nano.a(lib_a-lseekr.o)
                0x08003970                _lseek_r
 .text._malloc_usable_size_r
                0x08003994       0x10 c:/users/east_/.eide/tools/gcc_arm/bin/../lib/gcc/arm-none-eabi/10.2.1/../../../../arm-none-eabi/lib/thumb/v7-m/nofp\libc_nano.a(lib_a-nano-msizer.o)
                0x08003994                _malloc_usable_size_r
 .text._read_r  0x080039a4       0x24 c:/users/east_/.eide/tools/gcc_arm/bin/../lib/gcc/arm-none-eabi/10.2.1/../../../../arm-none-eabi/lib/thumb/v7-m/nofp\libc_nano.a(lib_a-readr.o)
                0x080039a4                _read_r
 .text.AHT20_Measure
                0x080039c8       0x1c CMakeFiles/iic.dir/Core/Src/aht20.c.obj
                0x080039c8                AHT20_Measure
 .text.AHT20_Get
                0x080039e4       0x1c CMakeFiles/iic.dir/Core/Src/aht20.c.obj
                0x080039e4                AHT20_Get
 .text.AHT20_Analysis
                0x08003a00       0xb8 CMakeFiles/iic.dir/Core/Src/aht20.c.obj
                0x08003a00                AHT20_Analysis
 .text.main     0x08003ab8       0xbc CMakeFiles/iic.dir/Core/Src/main.c.obj
                0x08003ab8                main
 .text.SystemClock_Config
                0x08003b74       0x76 CMakeFiles/iic.dir/Core/Src/main.c.obj
                0x08003b74                SystemClock_Config
 .text.Error_Handler
                0x08003bea        0xa CMakeFiles/iic.dir/Core/Src/main.c.obj
                0x08003bea                Error_Handler
 .text.MX_GPIO_Init
                0x08003bf4       0x44 CMakeFiles/iic.dir/Core/Src/gpio.c.obj
                0x08003bf4                MX_GPIO_Init
 .text.HAL_I2C_MasterTxCpltCallback
                0x08003c38       0x28 CMakeFiles/iic.dir/Core/Src/i2c.c.obj
                0x08003c38                HAL_I2C_MasterTxCpltCallback
 .text.HAL_I2C_MasterRxCpltCallback
                0x08003c60       0x28 CMakeFiles/iic.dir/Core/Src/i2c.c.obj
                0x08003c60                HAL_I2C_MasterRxCpltCallback
 .text.MX_I2C1_Init
                0x08003c88       0x5c CMakeFiles/iic.dir/Core/Src/i2c.c.obj
                0x08003c88                MX_I2C1_Init
 .text.HAL_I2C_MspInit
                0x08003ce4       0x9c CMakeFiles/iic.dir/Core/Src/i2c.c.obj
                0x08003ce4                HAL_I2C_MspInit
 .text.MX_USART2_UART_Init
                0x08003d80       0x54 CMakeFiles/iic.dir/Core/Src/usart.c.obj
                0x08003d80                MX_USART2_UART_Init
 .text.HAL_UART_MspInit
                0x08003dd4       0x94 CMakeFiles/iic.dir/Core/Src/usart.c.obj
                0x08003dd4                HAL_UART_MspInit
 .text.NMI_Handler
                0x08003e68        0x6 CMakeFiles/iic.dir/Core/Src/stm32f1xx_it.c.obj
                0x08003e68                NMI_Handler
 .text.HardFault_Handler
                0x08003e6e        0x6 CMakeFiles/iic.dir/Core/Src/stm32f1xx_it.c.obj
                0x08003e6e                HardFault_Handler
 .text.MemManage_Handler
                0x08003e74        0x6 CMakeFiles/iic.dir/Core/Src/stm32f1xx_it.c.obj
                0x08003e74                MemManage_Handler
 .text.BusFault_Handler
                0x08003e7a        0x6 CMakeFiles/iic.dir/Core/Src/stm32f1xx_it.c.obj
                0x08003e7a                BusFault_Handler
 .text.UsageFault_Handler
                0x08003e80        0x6 CMakeFiles/iic.dir/Core/Src/stm32f1xx_it.c.obj
                0x08003e80                UsageFault_Handler
 .text.SVC_Handler
                0x08003e86        0xc CMakeFiles/iic.dir/Core/Src/stm32f1xx_it.c.obj
                0x08003e86                SVC_Handler
 .text.DebugMon_Handler
                0x08003e92        0xc CMakeFiles/iic.dir/Core/Src/stm32f1xx_it.c.obj
                0x08003e92                DebugMon_Handler
 .text.PendSV_Handler
                0x08003e9e        0xc CMakeFiles/iic.dir/Core/Src/stm32f1xx_it.c.obj
                0x08003e9e                PendSV_Handler
 .text.SysTick_Handler
                0x08003eaa        0xc CMakeFiles/iic.dir/Core/Src/stm32f1xx_it.c.obj
                0x08003eaa                SysTick_Handler
 *fill*         0x08003eb6        0x2 
 .text.I2C1_EV_IRQHandler
                0x08003eb8       0x14 CMakeFiles/iic.dir/Core/Src/stm32f1xx_it.c.obj
                0x08003eb8                I2C1_EV_IRQHandler
 .text.I2C1_ER_IRQHandler
                0x08003ecc       0x14 CMakeFiles/iic.dir/Core/Src/stm32f1xx_it.c.obj
                0x08003ecc                I2C1_ER_IRQHandler
 .text.HAL_MspInit
                0x08003ee0       0x64 CMakeFiles/iic.dir/Core/Src/stm32f1xx_hal_msp.c.obj
                0x08003ee0                HAL_MspInit
 .text.HAL_I2C_Init
                0x08003f44      0x288 CMakeFiles/iic.dir/Drivers/STM32F1xx_HAL_Driver/Src/stm32f1xx_hal_i2c.c.obj
                0x08003f44                HAL_I2C_Init
 .text.I2C_Flush_DR
                0x080041cc       0x28 CMakeFiles/iic.dir/Drivers/STM32F1xx_HAL_Driver/Src/stm32f1xx_hal_i2c.c.obj
 .text.HAL_I2C_Master_Transmit_IT
                0x080041f4      0x140 CMakeFiles/iic.dir/Drivers/STM32F1xx_HAL_Driver/Src/stm32f1xx_hal_i2c.c.obj
                0x080041f4                HAL_I2C_Master_Transmit_IT
 .text.HAL_I2C_Master_Receive_IT
                0x08004334      0x150 CMakeFiles/iic.dir/Drivers/STM32F1xx_HAL_Driver/Src/stm32f1xx_hal_i2c.c.obj
                0x08004334                HAL_I2C_Master_Receive_IT
 .text.HAL_I2C_EV_IRQHandler
                0x08004484      0x2e2 CMakeFiles/iic.dir/Drivers/STM32F1xx_HAL_Driver/Src/stm32f1xx_hal_i2c.c.obj
                0x08004484                HAL_I2C_EV_IRQHandler
 .text.HAL_I2C_ER_IRQHandler
                0x08004766      0x15e CMakeFiles/iic.dir/Drivers/STM32F1xx_HAL_Driver/Src/stm32f1xx_hal_i2c.c.obj
                0x08004766                HAL_I2C_ER_IRQHandler
 .text.HAL_I2C_SlaveTxCpltCallback
                0x080048c4       0x12 CMakeFiles/iic.dir/Drivers/STM32F1xx_HAL_Driver/Src/stm32f1xx_hal_i2c.c.obj
                0x080048c4                HAL_I2C_SlaveTxCpltCallback
 .text.HAL_I2C_SlaveRxCpltCallback
                0x080048d6       0x12 CMakeFiles/iic.dir/Drivers/STM32F1xx_HAL_Driver/Src/stm32f1xx_hal_i2c.c.obj
                0x080048d6                HAL_I2C_SlaveRxCpltCallback
 .text.HAL_I2C_AddrCallback
                0x080048e8       0x1a CMakeFiles/iic.dir/Drivers/STM32F1xx_HAL_Driver/Src/stm32f1xx_hal_i2c.c.obj
                0x080048e8                HAL_I2C_AddrCallback
 .text.HAL_I2C_ListenCpltCallback
                0x08004902       0x12 CMakeFiles/iic.dir/Drivers/STM32F1xx_HAL_Driver/Src/stm32f1xx_hal_i2c.c.obj
                0x08004902                HAL_I2C_ListenCpltCallback
 .text.HAL_I2C_MemTxCpltCallback
                0x08004914       0x12 CMakeFiles/iic.dir/Drivers/STM32F1xx_HAL_Driver/Src/stm32f1xx_hal_i2c.c.obj
                0x08004914                HAL_I2C_MemTxCpltCallback
 .text.HAL_I2C_MemRxCpltCallback
                0x08004926       0x12 CMakeFiles/iic.dir/Drivers/STM32F1xx_HAL_Driver/Src/stm32f1xx_hal_i2c.c.obj
                0x08004926                HAL_I2C_MemRxCpltCallback
 .text.HAL_I2C_ErrorCallback
                0x08004938       0x12 CMakeFiles/iic.dir/Drivers/STM32F1xx_HAL_Driver/Src/stm32f1xx_hal_i2c.c.obj
                0x08004938                HAL_I2C_ErrorCallback
 .text.HAL_I2C_AbortCpltCallback
                0x0800494a       0x12 CMakeFiles/iic.dir/Drivers/STM32F1xx_HAL_Driver/Src/stm32f1xx_hal_i2c.c.obj
                0x0800494a                HAL_I2C_AbortCpltCallback
 .text.I2C_MasterTransmit_TXE
                0x0800495c      0x138 CMakeFiles/iic.dir/Drivers/STM32F1xx_HAL_Driver/Src/stm32f1xx_hal_i2c.c.obj
 .text.I2C_MasterTransmit_BTF
                0x08004a94       0xec CMakeFiles/iic.dir/Drivers/STM32F1xx_HAL_Driver/Src/stm32f1xx_hal_i2c.c.obj
 .text.I2C_MemoryTransmit_TXE_BTF
                0x08004b80      0x130 CMakeFiles/iic.dir/Drivers/STM32F1xx_HAL_Driver/Src/stm32f1xx_hal_i2c.c.obj
 .text.I2C_MasterReceive_RXNE
                0x08004cb0      0x190 CMakeFiles/iic.dir/Drivers/STM32F1xx_HAL_Driver/Src/stm32f1xx_hal_i2c.c.obj
 .text.I2C_MasterReceive_BTF
                0x08004e40      0x1e2 CMakeFiles/iic.dir/Drivers/STM32F1xx_HAL_Driver/Src/stm32f1xx_hal_i2c.c.obj
 .text.I2C_Master_SB
                0x08005022      0x10a CMakeFiles/iic.dir/Drivers/STM32F1xx_HAL_Driver/Src/stm32f1xx_hal_i2c.c.obj
 .text.I2C_Master_ADD10
                0x0800512c       0x52 CMakeFiles/iic.dir/Drivers/STM32F1xx_HAL_Driver/Src/stm32f1xx_hal_i2c.c.obj
 .text.I2C_Master_ADDR
                0x0800517e      0x336 CMakeFiles/iic.dir/Drivers/STM32F1xx_HAL_Driver/Src/stm32f1xx_hal_i2c.c.obj
 .text.I2C_SlaveTransmit_TXE
                0x080054b4       0x7a CMakeFiles/iic.dir/Drivers/STM32F1xx_HAL_Driver/Src/stm32f1xx_hal_i2c.c.obj
 .text.I2C_SlaveTransmit_BTF
                0x0800552e       0x40 CMakeFiles/iic.dir/Drivers/STM32F1xx_HAL_Driver/Src/stm32f1xx_hal_i2c.c.obj
 .text.I2C_SlaveReceive_RXNE
                0x0800556e       0x7c CMakeFiles/iic.dir/Drivers/STM32F1xx_HAL_Driver/Src/stm32f1xx_hal_i2c.c.obj
 .text.I2C_SlaveReceive_BTF
                0x080055ea       0x42 CMakeFiles/iic.dir/Drivers/STM32F1xx_HAL_Driver/Src/stm32f1xx_hal_i2c.c.obj
 .text.I2C_Slave_ADDR
                0x0800562c       0x94 CMakeFiles/iic.dir/Drivers/STM32F1xx_HAL_Driver/Src/stm32f1xx_hal_i2c.c.obj
 .text.I2C_Slave_STOPF
                0x080056c0      0x260 CMakeFiles/iic.dir/Drivers/STM32F1xx_HAL_Driver/Src/stm32f1xx_hal_i2c.c.obj
 .text.I2C_Slave_AF
                0x08005920       0xe8 CMakeFiles/iic.dir/Drivers/STM32F1xx_HAL_Driver/Src/stm32f1xx_hal_i2c.c.obj
 .text.I2C_ITError
                0x08005a08      0x264 CMakeFiles/iic.dir/Drivers/STM32F1xx_HAL_Driver/Src/stm32f1xx_hal_i2c.c.obj
 .text.I2C_DMAAbort
                0x08005c6c      0x150 CMakeFiles/iic.dir/Drivers/STM32F1xx_HAL_Driver/Src/stm32f1xx_hal_i2c.c.obj
 .text.I2C_WaitOnSTOPRequestThroughIT
                0x08005dbc       0x64 CMakeFiles/iic.dir/Drivers/STM32F1xx_HAL_Driver/Src/stm32f1xx_hal_i2c.c.obj
 .text.I2C_ConvertOtherXferOptions
                0x08005e20       0x34 CMakeFiles/iic.dir/Drivers/STM32F1xx_HAL_Driver/Src/stm32f1xx_hal_i2c.c.obj
 .text.HAL_Init
                0x08005e54       0x2c CMakeFiles/iic.dir/Drivers/STM32F1xx_HAL_Driver/Src/stm32f1xx_hal.c.obj
                0x08005e54                HAL_Init
 .text.HAL_InitTick
                0x08005e80       0x60 CMakeFiles/iic.dir/Drivers/STM32F1xx_HAL_Driver/Src/stm32f1xx_hal.c.obj
                0x08005e80                HAL_InitTick
 .text.HAL_IncTick
                0x08005ee0       0x24 CMakeFiles/iic.dir/Drivers/STM32F1xx_HAL_Driver/Src/stm32f1xx_hal.c.obj
                0x08005ee0                HAL_IncTick
 .text.HAL_GetTick
                0x08005f04       0x14 CMakeFiles/iic.dir/Drivers/STM32F1xx_HAL_Driver/Src/stm32f1xx_hal.c.obj
                0x08005f04                HAL_GetTick
 .text.HAL_Delay
                0x08005f18       0x48 CMakeFiles/iic.dir/Drivers/STM32F1xx_HAL_Driver/Src/stm32f1xx_hal.c.obj
                0x08005f18                HAL_Delay
 .text.HAL_RCC_OscConfig
                0x08005f60      0x504 CMakeFiles/iic.dir/Drivers/STM32F1xx_HAL_Driver/Src/stm32f1xx_hal_rcc.c.obj
                0x08005f60                HAL_RCC_OscConfig
 .text.HAL_RCC_ClockConfig
                0x08006464      0x1d4 CMakeFiles/iic.dir/Drivers/STM32F1xx_HAL_Driver/Src/stm32f1xx_hal_rcc.c.obj
                0x08006464                HAL_RCC_ClockConfig
 .text.HAL_RCC_GetSysClockFreq
                0x08006638       0xa8 CMakeFiles/iic.dir/Drivers/STM32F1xx_HAL_Driver/Src/stm32f1xx_hal_rcc.c.obj
                0x08006638                HAL_RCC_GetSysClockFreq
 .text.HAL_RCC_GetHCLKFreq
                0x080066e0       0x14 CMakeFiles/iic.dir/Drivers/STM32F1xx_HAL_Driver/Src/stm32f1xx_hal_rcc.c.obj
                0x080066e0                HAL_RCC_GetHCLKFreq
 .text.HAL_RCC_GetPCLK1Freq
                0x080066f4       0x28 CMakeFiles/iic.dir/Drivers/STM32F1xx_HAL_Driver/Src/stm32f1xx_hal_rcc.c.obj
                0x080066f4                HAL_RCC_GetPCLK1Freq
 .text.HAL_RCC_GetPCLK2Freq
                0x0800671c       0x28 CMakeFiles/iic.dir/Drivers/STM32F1xx_HAL_Driver/Src/stm32f1xx_hal_rcc.c.obj
                0x0800671c                HAL_RCC_GetPCLK2Freq
 .text.RCC_Delay
                0x08006744       0x3c CMakeFiles/iic.dir/Drivers/STM32F1xx_HAL_Driver/Src/stm32f1xx_hal_rcc.c.obj
 .text.HAL_GPIO_Init
                0x08006780      0x308 CMakeFiles/iic.dir/Drivers/STM32F1xx_HAL_Driver/Src/stm32f1xx_hal_gpio.c.obj
                0x08006780                HAL_GPIO_Init
 .text.HAL_DMA_Abort_IT
                0x08006a88       0xf0 CMakeFiles/iic.dir/Drivers/STM32F1xx_HAL_Driver/Src/stm32f1xx_hal_dma.c.obj
                0x08006a88                HAL_DMA_Abort_IT
 .text.HAL_DMA_GetState
                0x08006b78       0x1a CMakeFiles/iic.dir/Drivers/STM32F1xx_HAL_Driver/Src/stm32f1xx_hal_dma.c.obj
                0x08006b78                HAL_DMA_GetState
 *fill*         0x08006b92        0x2 
 .text.__NVIC_SetPriorityGrouping
                0x08006b94       0x48 CMakeFiles/iic.dir/Drivers/STM32F1xx_HAL_Driver/Src/stm32f1xx_hal_cortex.c.obj
 .text.__NVIC_GetPriorityGrouping
                0x08006bdc       0x1c CMakeFiles/iic.dir/Drivers/STM32F1xx_HAL_Driver/Src/stm32f1xx_hal_cortex.c.obj
 .text.__NVIC_EnableIRQ
                0x08006bf8       0x38 CMakeFiles/iic.dir/Drivers/STM32F1xx_HAL_Driver/Src/stm32f1xx_hal_cortex.c.obj
 .text.__NVIC_SetPriority
                0x08006c30       0x54 CMakeFiles/iic.dir/Drivers/STM32F1xx_HAL_Driver/Src/stm32f1xx_hal_cortex.c.obj
 .text.NVIC_EncodePriority
                0x08006c84       0x64 CMakeFiles/iic.dir/Drivers/STM32F1xx_HAL_Driver/Src/stm32f1xx_hal_cortex.c.obj
 .text.SysTick_Config
                0x08006ce8       0x44 CMakeFiles/iic.dir/Drivers/STM32F1xx_HAL_Driver/Src/stm32f1xx_hal_cortex.c.obj
 .text.HAL_NVIC_SetPriorityGrouping
                0x08006d2c       0x16 CMakeFiles/iic.dir/Drivers/STM32F1xx_HAL_Driver/Src/stm32f1xx_hal_cortex.c.obj
                0x08006d2c                HAL_NVIC_SetPriorityGrouping
 .text.HAL_NVIC_SetPriority
                0x08006d42       0x38 CMakeFiles/iic.dir/Drivers/STM32F1xx_HAL_Driver/Src/stm32f1xx_hal_cortex.c.obj
                0x08006d42                HAL_NVIC_SetPriority
 .text.HAL_NVIC_EnableIRQ
                0x08006d7a       0x1c CMakeFiles/iic.dir/Drivers/STM32F1xx_HAL_Driver/Src/stm32f1xx_hal_cortex.c.obj
                0x08006d7a                HAL_NVIC_EnableIRQ
 .text.HAL_SYSTICK_Config
                0x08006d96       0x18 CMakeFiles/iic.dir/Drivers/STM32F1xx_HAL_Driver/Src/stm32f1xx_hal_cortex.c.obj
                0x08006d96                HAL_SYSTICK_Config
 .text.HAL_UART_Init
                0x08006dae       0xa0 CMakeFiles/iic.dir/Drivers/STM32F1xx_HAL_Driver/Src/stm32f1xx_hal_uart.c.obj
                0x08006dae                HAL_UART_Init
 .text.HAL_UART_Transmit
                0x08006e4e      0x116 CMakeFiles/iic.dir/Drivers/STM32F1xx_HAL_Driver/Src/stm32f1xx_hal_uart.c.obj
                0x08006e4e                HAL_UART_Transmit
 .text.UART_WaitOnFlagUntilTimeout
                0x08006f64       0xb2 CMakeFiles/iic.dir/Drivers/STM32F1xx_HAL_Driver/Src/stm32f1xx_hal_uart.c.obj
 .text.UART_EndRxTransfer
                0x08007016       0xc4 CMakeFiles/iic.dir/Drivers/STM32F1xx_HAL_Driver/Src/stm32f1xx_hal_uart.c.obj
 *fill*         0x080070da        0x2 
 .text.UART_SetConfig
                0x080070dc      0x11c CMakeFiles/iic.dir/Drivers/STM32F1xx_HAL_Driver/Src/stm32f1xx_hal_uart.c.obj
 .text.SystemInit
                0x080071f8        0xc CMakeFiles/iic.dir/Core/Src/system_stm32f1xx.c.obj
                0x080071f8                SystemInit
 .text._sbrk    0x08007204       0x6c CMakeFiles/iic.dir/Core/Src/sysmem.c.obj
                0x08007204                _sbrk
 .text._getpid  0x08007270        0xe CMakeFiles/iic.dir/Core/Src/syscalls.c.obj
                0x08007270                _getpid
 .text._kill    0x0800727e       0x20 CMakeFiles/iic.dir/Core/Src/syscalls.c.obj
                0x0800727e                _kill
 .text._exit    0x0800729e       0x14 CMakeFiles/iic.dir/Core/Src/syscalls.c.obj
                0x0800729e                _exit
 .text._read    0x080072b2       0x3a CMakeFiles/iic.dir/Core/Src/syscalls.c.obj
                0x080072b2                _read
 .text._write   0x080072ec       0x38 CMakeFiles/iic.dir/Core/Src/syscalls.c.obj
                0x080072ec                _write
 .text._close   0x08007324       0x16 CMakeFiles/iic.dir/Core/Src/syscalls.c.obj
                0x08007324                _close
 .text._fstat   0x0800733a       0x1e CMakeFiles/iic.dir/Core/Src/syscalls.c.obj
                0x0800733a                _fstat
 .text._isatty  0x08007358       0x14 CMakeFiles/iic.dir/Core/Src/syscalls.c.obj
                0x08007358                _isatty
 .text._lseek   0x0800736c       0x18 CMakeFiles/iic.dir/Core/Src/syscalls.c.obj
                0x0800736c                _lseek
 .text.Reset_Handler
                0x08007384       0x48 CMakeFiles/iic.dir/startup_stm32f103xb.s.obj
                0x08007384                Reset_Handler
 .text.Default_Handler
                0x080073cc        0x2 CMakeFiles/iic.dir/startup_stm32f103xb.s.obj
                0x080073cc                RTC_Alarm_IRQHandler
                0x080073cc                EXTI2_IRQHandler
                0x080073cc                TIM1_CC_IRQHandler
                0x080073cc                PVD_IRQHandler
                0x080073cc                EXTI3_IRQHandler
                0x080073cc                EXTI0_IRQHandler
                0x080073cc                I2C2_EV_IRQHandler
                0x080073cc                ADC1_2_IRQHandler
                0x080073cc                SPI1_IRQHandler
                0x080073cc                TAMPER_IRQHandler
                0x080073cc                DMA1_Channel4_IRQHandler
                0x080073cc                USART3_IRQHandler
                0x080073cc                RTC_IRQHandler
                0x080073cc                DMA1_Channel7_IRQHandler
                0x080073cc                CAN1_RX1_IRQHandler
                0x080073cc                TIM4_IRQHandler
                0x080073cc                DMA1_Channel6_IRQHandler
                0x080073cc                TIM3_IRQHandler
                0x080073cc                RCC_IRQHandler
                0x080073cc                TIM1_TRG_COM_IRQHandler
                0x080073cc                DMA1_Channel1_IRQHandler
                0x080073cc                Default_Handler
                0x080073cc                EXTI15_10_IRQHandler
                0x080073cc                EXTI9_5_IRQHandler
                0x080073cc                SPI2_IRQHandler
                0x080073cc                DMA1_Channel5_IRQHandler
                0x080073cc                EXTI4_IRQHandler
                0x080073cc                USB_LP_CAN1_RX0_IRQHandler
                0x080073cc                USB_HP_CAN1_TX_IRQHandler
                0x080073cc                DMA1_Channel3_IRQHandler
                0x080073cc                TIM1_UP_IRQHandler
                0x080073cc                WWDG_IRQHandler
                0x080073cc                TIM2_IRQHandler
                0x080073cc                TIM1_BRK_IRQHandler
                0x080073cc                EXTI1_IRQHandler
                0x080073cc                USART2_IRQHandler
                0x080073cc                I2C2_ER_IRQHandler
                0x080073cc                DMA1_Channel2_IRQHandler
                0x080073cc                CAN1_SCE_IRQHandler
                0x080073cc                FLASH_IRQHandler
                0x080073cc                USART1_IRQHandler
                0x080073cc                USBWakeUp_IRQHandler
 *fill*         0x080073ce        0x2 
 .text.__errno  0x080073d0        0xc c:/users/east_/.eide/tools/gcc_arm/bin/../lib/gcc/arm-none-eabi/10.2.1/../../../../arm-none-eabi/lib/thumb/v7-m/nofp\libg_nano.a(lib_a-errno.o)
                0x080073d0                __errno
 .text.sprintf  0x080073dc       0x40 c:/users/east_/.eide/tools/gcc_arm/bin/../lib/gcc/arm-none-eabi/10.2.1/../../../../arm-none-eabi/lib/thumb/v7-m/nofp\libg_nano.a(lib_a-sprintf.o)
                0x080073dc                siprintf
                0x080073dc                sprintf
 .text.__ssputs_r
                0x0800741c       0xb6 c:/users/east_/.eide/tools/gcc_arm/bin/../lib/gcc/arm-none-eabi/10.2.1/../../../../arm-none-eabi/lib/thumb/v7-m/nofp\libg_nano.a(lib_a-nano-svfprintf.o)
                0x0800741c                __ssputs_r
 *fill*         0x080074d2        0x2 
 .text._svfprintf_r
                0x080074d4      0x200 c:/users/east_/.eide/tools/gcc_arm/bin/../lib/gcc/arm-none-eabi/10.2.1/../../../../arm-none-eabi/lib/thumb/v7-m/nofp\libg_nano.a(lib_a-nano-svfprintf.o)
                0x080074d4                _svfiprintf_r
                0x080074d4                _svfprintf_r
 *(.glue_7)
 .glue_7        0x080076d4        0x0 linker stubs
 *(.glue_7t)
 .glue_7t       0x080076d4        0x0 linker stubs
 *(.eh_frame)
 .eh_frame      0x080076d4        0x0 c:/users/east_/.eide/tools/gcc_arm/bin/../lib/gcc/arm-none-eabi/10.2.1/thumb/v7-m/nofp/crtbegin.o
 *(.init)
 .init          0x080076d4        0x4 c:/users/east_/.eide/tools/gcc_arm/bin/../lib/gcc/arm-none-eabi/10.2.1/thumb/v7-m/nofp/crti.o
                0x080076d4                _init
 .init          0x080076d8        0x8 c:/users/east_/.eide/tools/gcc_arm/bin/../lib/gcc/arm-none-eabi/10.2.1/thumb/v7-m/nofp/crtn.o
 *(.fini)
 .fini          0x080076e0        0x4 c:/users/east_/.eide/tools/gcc_arm/bin/../lib/gcc/arm-none-eabi/10.2.1/thumb/v7-m/nofp/crti.o
                0x080076e0                _fini
 .fini          0x080076e4        0x8 c:/users/east_/.eide/tools/gcc_arm/bin/../lib/gcc/arm-none-eabi/10.2.1/thumb/v7-m/nofp/crtn.o
                0x080076ec                . = ALIGN (0x4)
                0x080076ec                _etext = .

.vfp11_veneer   0x080076ec        0x0
 .vfp11_veneer  0x080076ec        0x0 linker stubs

.v4_bx          0x080076ec        0x0
 .v4_bx         0x080076ec        0x0 linker stubs

.iplt           0x080076ec        0x0
 .iplt          0x080076ec        0x0 c:/users/east_/.eide/tools/gcc_arm/bin/../lib/gcc/arm-none-eabi/10.2.1/thumb/v7-m/nofp/crtbegin.o

.rodata         0x080076f0      0x470
                0x080076f0                . = ALIGN (0x4)
 *(.rodata)
 .rodata        0x080076f0       0x24 CMakeFiles/iic.dir/Core/Src/main.c.obj
 *(.rodata*)
 .rodata._global_impure_ptr
                0x08007714        0x4 c:/users/east_/.eide/tools/gcc_arm/bin/../lib/gcc/arm-none-eabi/10.2.1/../../../../arm-none-eabi/lib/thumb/v7-m/nofp\libc_nano.a(lib_a-impure.o)
                0x08007714                _global_impure_ptr
 .rodata._printf_float.str1.1
                0x08007718       0x12 c:/users/east_/.eide/tools/gcc_arm/bin/../lib/gcc/arm-none-eabi/10.2.1/../../../../arm-none-eabi/lib/thumb/v7-m/nofp\libc_nano.a(lib_a-nano-vfprintf_float.o)
 .rodata._printf_i.str1.1
                0x0800772a       0x22 c:/users/east_/.eide/tools/gcc_arm/bin/../lib/gcc/arm-none-eabi/10.2.1/../../../../arm-none-eabi/lib/thumb/v7-m/nofp\libc_nano.a(lib_a-nano-vfprintf_i.o)
 .rodata._dtoa_r.str1.1
                0x0800774c       0xb2 c:/users/east_/.eide/tools/gcc_arm/bin/../lib/gcc/arm-none-eabi/10.2.1/../../../../arm-none-eabi/lib/thumb/v7-m/nofp\libc_nano.a(lib_a-dtoa.o)
                                 0xb4 (size before relaxing)
 .rodata._Balloc.str1.1
                0x080077fe       0x7e c:/users/east_/.eide/tools/gcc_arm/bin/../lib/gcc/arm-none-eabi/10.2.1/../../../../arm-none-eabi/lib/thumb/v7-m/nofp\libc_nano.a(lib_a-mprec.o)
                                 0x95 (size before relaxing)
 .rodata.__multadd.str1.1
                0x0800787c       0x11 c:/users/east_/.eide/tools/gcc_arm/bin/../lib/gcc/arm-none-eabi/10.2.1/../../../../arm-none-eabi/lib/thumb/v7-m/nofp\libc_nano.a(lib_a-mprec.o)
 *fill*         0x0800787c        0x4 
 .rodata.__mprec_bigtens
                0x08007880       0x28 c:/users/east_/.eide/tools/gcc_arm/bin/../lib/gcc/arm-none-eabi/10.2.1/../../../../arm-none-eabi/lib/thumb/v7-m/nofp\libc_nano.a(lib_a-mprec.o)
                0x08007880                __mprec_bigtens
 .rodata.__mprec_tens
                0x080078a8       0xc8 c:/users/east_/.eide/tools/gcc_arm/bin/../lib/gcc/arm-none-eabi/10.2.1/../../../../arm-none-eabi/lib/thumb/v7-m/nofp\libc_nano.a(lib_a-mprec.o)
                0x080078a8                __mprec_tens
 .rodata.p05.0  0x08007970        0xc c:/users/east_/.eide/tools/gcc_arm/bin/../lib/gcc/arm-none-eabi/10.2.1/../../../../arm-none-eabi/lib/thumb/v7-m/nofp\libc_nano.a(lib_a-mprec.o)
 .rodata.__assert_func.str1.1
                0x0800797c       0x3c c:/users/east_/.eide/tools/gcc_arm/bin/../lib/gcc/arm-none-eabi/10.2.1/../../../../arm-none-eabi/lib/thumb/v7-m/nofp\libc_nano.a(lib_a-assert.o)
                                 0x3d (size before relaxing)
 .rodata._setlocale_r.str1.1
                0x080079b8        0x8 c:/users/east_/.eide/tools/gcc_arm/bin/../lib/gcc/arm-none-eabi/10.2.1/../../../../arm-none-eabi/lib/thumb/v7-m/nofp\libc_nano.a(lib_a-locale.o)
                                  0x9 (size before relaxing)
 .rodata.str1.1
                0x080079c0        0x2 c:/users/east_/.eide/tools/gcc_arm/bin/../lib/gcc/arm-none-eabi/10.2.1/../../../../arm-none-eabi/lib/thumb/v7-m/nofp\libc_nano.a(lib_a-locale.o)
 .rodata._vfprintf_r.str1.1
                0x080079c2       0x11 c:/users/east_/.eide/tools/gcc_arm/bin/../lib/gcc/arm-none-eabi/10.2.1/../../../../arm-none-eabi/lib/thumb/v7-m/nofp\libc_nano.a(lib_a-nano-vfprintf.o)
 .rodata._ctype_
                0x080079d3      0x101 c:/users/east_/.eide/tools/gcc_arm/bin/../lib/gcc/arm-none-eabi/10.2.1/../../../../arm-none-eabi/lib/thumb/v7-m/nofp\libc_nano.a(lib_a-ctype_.o)
                0x080079d3                _ctype_
 .rodata.__sf_fake_stderr
                0x08007ad4       0x20 c:/users/east_/.eide/tools/gcc_arm/bin/../lib/gcc/arm-none-eabi/10.2.1/../../../../arm-none-eabi/lib/thumb/v7-m/nofp\libc_nano.a(lib_a-findfp.o)
                0x08007ad4                __sf_fake_stderr
 .rodata.__sf_fake_stdin
                0x08007af4       0x20 c:/users/east_/.eide/tools/gcc_arm/bin/../lib/gcc/arm-none-eabi/10.2.1/../../../../arm-none-eabi/lib/thumb/v7-m/nofp\libc_nano.a(lib_a-findfp.o)
                0x08007af4                __sf_fake_stdin
 .rodata.__sf_fake_stdout
                0x08007b14       0x20 c:/users/east_/.eide/tools/gcc_arm/bin/../lib/gcc/arm-none-eabi/10.2.1/../../../../arm-none-eabi/lib/thumb/v7-m/nofp\libc_nano.a(lib_a-findfp.o)
                0x08007b14                __sf_fake_stdout
 .rodata.aPLLMULFactorTable.1
                0x08007b34       0x10 CMakeFiles/iic.dir/Drivers/STM32F1xx_HAL_Driver/Src/stm32f1xx_hal_rcc.c.obj
 .rodata.aPredivFactorTable.0
                0x08007b44        0x2 CMakeFiles/iic.dir/Drivers/STM32F1xx_HAL_Driver/Src/stm32f1xx_hal_rcc.c.obj
 *fill*         0x08007b46        0x2 
 .rodata.AHBPrescTable
                0x08007b48       0x10 CMakeFiles/iic.dir/Core/Src/system_stm32f1xx.c.obj
                0x08007b48                AHBPrescTable
 .rodata.APBPrescTable
                0x08007b58        0x8 CMakeFiles/iic.dir/Core/Src/system_stm32f1xx.c.obj
                0x08007b58                APBPrescTable
 .rodata._svfprintf_r.str1.1
                0x08007b60       0x11 c:/users/east_/.eide/tools/gcc_arm/bin/../lib/gcc/arm-none-eabi/10.2.1/../../../../arm-none-eabi/lib/thumb/v7-m/nofp\libg_nano.a(lib_a-nano-svfprintf.o)
                0x08007b74                . = ALIGN (0x4)

.rel.dyn        0x08007b60        0x0
 .rel.iplt      0x08007b60        0x0 c:/users/east_/.eide/tools/gcc_arm/bin/../lib/gcc/arm-none-eabi/10.2.1/thumb/v7-m/nofp/crtbegin.o

.ARM.extab
 *(.ARM.extab* .gnu.linkonce.armextab.*)

.ARM            0x08007b60        0x0
                0x08007b60                __exidx_start = .
 *(.ARM.exidx*)
                0x08007b60                __exidx_end = .

.preinit_array  0x08007b60        0x0
                0x08007b60                PROVIDE (__preinit_array_start = .)
 *(.preinit_array*)
                0x08007b60                PROVIDE (__preinit_array_end = .)

.init_array     0x08007b60        0x4
                0x08007b60                PROVIDE (__init_array_start = .)
 *(SORT_BY_NAME(.init_array.*))
 *(.init_array*)
 .init_array    0x08007b60        0x4 c:/users/east_/.eide/tools/gcc_arm/bin/../lib/gcc/arm-none-eabi/10.2.1/thumb/v7-m/nofp/crtbegin.o
                0x08007b64                PROVIDE (__init_array_end = .)

.fini_array     0x08007b64        0x4
                [!provide]                PROVIDE (__fini_array_start = .)
 *(SORT_BY_NAME(.fini_array.*))
 *(.fini_array*)
 .fini_array    0x08007b64        0x4 c:/users/east_/.eide/tools/gcc_arm/bin/../lib/gcc/arm-none-eabi/10.2.1/thumb/v7-m/nofp/crtbegin.o
                [!provide]                PROVIDE (__fini_array_end = .)
                0x08007b68                _sidata = LOADADDR (.data)

.data           0x20000000      0x1e0 load address 0x08007b68
                0x20000000                . = ALIGN (0x4)
                0x20000000                _sdata = .
 *(.data)
 *(.data*)
 .data._impure_ptr
                0x20000000        0x4 c:/users/east_/.eide/tools/gcc_arm/bin/../lib/gcc/arm-none-eabi/10.2.1/../../../../arm-none-eabi/lib/thumb/v7-m/nofp\libc_nano.a(lib_a-impure.o)
                0x20000000                _impure_ptr
 .data.impure_data
                0x20000004       0x60 c:/users/east_/.eide/tools/gcc_arm/bin/../lib/gcc/arm-none-eabi/10.2.1/../../../../arm-none-eabi/lib/thumb/v7-m/nofp\libc_nano.a(lib_a-impure.o)
 .data.__global_locale
                0x20000064      0x16c c:/users/east_/.eide/tools/gcc_arm/bin/../lib/gcc/arm-none-eabi/10.2.1/../../../../arm-none-eabi/lib/thumb/v7-m/nofp\libc_nano.a(lib_a-locale.o)
                0x20000064                __global_locale
 .data.sendBuffer.0
                0x200001d0        0x3 CMakeFiles/iic.dir/Core/Src/aht20.c.obj
 *fill*         0x200001d3        0x1 
 .data.uwTickPrio
                0x200001d4        0x4 CMakeFiles/iic.dir/Drivers/STM32F1xx_HAL_Driver/Src/stm32f1xx_hal.c.obj
                0x200001d4                uwTickPrio
 .data.uwTickFreq
                0x200001d8        0x1 CMakeFiles/iic.dir/Drivers/STM32F1xx_HAL_Driver/Src/stm32f1xx_hal.c.obj
                0x200001d8                uwTickFreq
 *fill*         0x200001d9        0x3 
 .data.SystemCoreClock
                0x200001dc        0x4 CMakeFiles/iic.dir/Core/Src/system_stm32f1xx.c.obj
                0x200001dc                SystemCoreClock
                0x200001e0                . = ALIGN (0x4)
                0x200001e0                _edata = .

.igot.plt       0x200001e0        0x0 load address 0x08007d48
 .igot.plt      0x200001e0        0x0 c:/users/east_/.eide/tools/gcc_arm/bin/../lib/gcc/arm-none-eabi/10.2.1/thumb/v7-m/nofp/crtbegin.o
                0x200001e0                . = ALIGN (0x4)

.bss            0x200001e0      0x10c load address 0x08007d48
                0x200001e0                _sbss = .
                0x200001e0                __bss_start__ = _sbss
 *(.bss)
 .bss           0x200001e0       0x1c c:/users/east_/.eide/tools/gcc_arm/bin/../lib/gcc/arm-none-eabi/10.2.1/thumb/v7-m/nofp/crtbegin.o
 *(.bss*)
 .bss.__malloc_free_list
                0x200001fc        0x4 c:/users/east_/.eide/tools/gcc_arm/bin/../lib/gcc/arm-none-eabi/10.2.1/../../../../arm-none-eabi/lib/thumb/v7-m/nofp\libc_nano.a(lib_a-nano-mallocr.o)
                0x200001fc                __malloc_free_list
 .bss.__malloc_sbrk_start
                0x20000200        0x4 c:/users/east_/.eide/tools/gcc_arm/bin/../lib/gcc/arm-none-eabi/10.2.1/../../../../arm-none-eabi/lib/thumb/v7-m/nofp\libc_nano.a(lib_a-nano-mallocr.o)
                0x20000200                __malloc_sbrk_start
 .bss.errno     0x20000204        0x4 c:/users/east_/.eide/tools/gcc_arm/bin/../lib/gcc/arm-none-eabi/10.2.1/../../../../arm-none-eabi/lib/thumb/v7-m/nofp\libc_nano.a(lib_a-reent.o)
                0x20000204                errno
 .bss.__lock___malloc_recursive_mutex
                0x20000208        0x1 c:/users/east_/.eide/tools/gcc_arm/bin/../lib/gcc/arm-none-eabi/10.2.1/../../../../arm-none-eabi/lib/thumb/v7-m/nofp\libc_nano.a(lib_a-lock.o)
                0x20000208                __lock___malloc_recursive_mutex
 .bss.__lock___sfp_recursive_mutex
                0x20000209        0x1 c:/users/east_/.eide/tools/gcc_arm/bin/../lib/gcc/arm-none-eabi/10.2.1/../../../../arm-none-eabi/lib/thumb/v7-m/nofp\libc_nano.a(lib_a-lock.o)
                0x20000209                __lock___sfp_recursive_mutex
 .bss.__lock___sinit_recursive_mutex
                0x2000020a        0x1 c:/users/east_/.eide/tools/gcc_arm/bin/../lib/gcc/arm-none-eabi/10.2.1/../../../../arm-none-eabi/lib/thumb/v7-m/nofp\libc_nano.a(lib_a-lock.o)
                0x2000020a                __lock___sinit_recursive_mutex
 *fill*         0x2000020b        0x1 
 .bss.readBuffer
                0x2000020c        0x6 CMakeFiles/iic.dir/Core/Src/aht20.c.obj
                0x2000020c                readBuffer
 .bss.aht20State
                0x20000212        0x1 CMakeFiles/iic.dir/Core/Src/main.c.obj
                0x20000212                aht20State
 *fill*         0x20000213        0x1 
 .bss.message   0x20000214       0x32 CMakeFiles/iic.dir/Core/Src/main.c.obj
                0x20000214                message
 *fill*         0x20000246        0x2 
 .bss.hi2c1     0x20000248       0x54 CMakeFiles/iic.dir/Core/Src/i2c.c.obj
                0x20000248                hi2c1
 .bss.huart2    0x2000029c       0x48 CMakeFiles/iic.dir/Core/Src/usart.c.obj
                0x2000029c                huart2
 .bss.uwTick    0x200002e4        0x4 CMakeFiles/iic.dir/Drivers/STM32F1xx_HAL_Driver/Src/stm32f1xx_hal.c.obj
                0x200002e4                uwTick
 .bss.__sbrk_heap_end
                0x200002e8        0x4 CMakeFiles/iic.dir/Core/Src/sysmem.c.obj
 *(COMMON)
                0x200002ec                . = ALIGN (0x4)
                0x200002ec                _ebss = .
                0x200002ec                __bss_end__ = _ebss

._user_heap_stack
                0x200002ec      0x604 load address 0x08007d48
                0x200002f0                . = ALIGN (0x8)
 *fill*         0x200002ec        0x4 
                [!provide]                PROVIDE (end = .)
                0x200002f0                PROVIDE (_end = .)
                0x200004f0                . = (. + _Min_Heap_Size)
 *fill*         0x200002f0      0x200 
                0x200008f0                . = (. + _Min_Stack_Size)
 *fill*         0x200004f0      0x400 
                0x200008f0                . = ALIGN (0x8)

/DISCARD/
 libc.a(*)
 libm.a(*)
 libgcc.a(*)

.ARM.attributes
                0x00000000       0x29
 *(.ARM.attributes)
 .ARM.attributes
                0x00000000       0x1d c:/users/east_/.eide/tools/gcc_arm/bin/../lib/gcc/arm-none-eabi/10.2.1/thumb/v7-m/nofp/crti.o
 .ARM.attributes
                0x0000001d       0x2d c:/users/east_/.eide/tools/gcc_arm/bin/../lib/gcc/arm-none-eabi/10.2.1/thumb/v7-m/nofp/crtbegin.o
 .ARM.attributes
                0x0000004a       0x2d c:/users/east_/.eide/tools/gcc_arm/bin/../lib/gcc/arm-none-eabi/10.2.1/../../../../arm-none-eabi/lib/thumb/v7-m/nofp\libc_nano.a(lib_a-impure.o)
 .ARM.attributes
                0x00000077       0x2d c:/users/east_/.eide/tools/gcc_arm/bin/../lib/gcc/arm-none-eabi/10.2.1/../../../../arm-none-eabi/lib/thumb/v7-m/nofp\libc_nano.a(lib_a-init.o)
 .ARM.attributes
                0x000000a4       0x2d c:/users/east_/.eide/tools/gcc_arm/bin/../lib/gcc/arm-none-eabi/10.2.1/../../../../arm-none-eabi/lib/thumb/v7-m/nofp\libc_nano.a(lib_a-memset.o)
 .ARM.attributes
                0x000000d1       0x2d c:/users/east_/.eide/tools/gcc_arm/bin/../lib/gcc/arm-none-eabi/10.2.1/../../../../arm-none-eabi/lib/thumb/v7-m/nofp\libc_nano.a(lib_a-nano-vfprintf_float.o)
 .ARM.attributes
                0x000000fe       0x2d c:/users/east_/.eide/tools/gcc_arm/bin/../lib/gcc/arm-none-eabi/10.2.1/../../../../arm-none-eabi/lib/thumb/v7-m/nofp\libc_nano.a(lib_a-nano-vfprintf_i.o)
 .ARM.attributes
                0x0000012b       0x17 c:/users/east_/.eide/tools/gcc_arm/bin/../lib/gcc/arm-none-eabi/10.2.1/../../../../arm-none-eabi/lib/thumb/v7-m/nofp\libc_nano.a(lib_a-strlen.o)
 .ARM.attributes
                0x00000142       0x2d c:/users/east_/.eide/tools/gcc_arm/bin/../lib/gcc/arm-none-eabi/10.2.1/../../../../arm-none-eabi/lib/thumb/v7-m/nofp\libc_nano.a(lib_a-dtoa.o)
 .ARM.attributes
                0x0000016f       0x2d c:/users/east_/.eide/tools/gcc_arm/bin/../lib/gcc/arm-none-eabi/10.2.1/../../../../arm-none-eabi/lib/thumb/v7-m/nofp\libc_nano.a(lib_a-localeconv.o)
 .ARM.attributes
                0x0000019c       0x2d c:/users/east_/.eide/tools/gcc_arm/bin/../lib/gcc/arm-none-eabi/10.2.1/../../../../arm-none-eabi/lib/thumb/v7-m/nofp\libc_nano.a(lib_a-malloc.o)
 .ARM.attributes
                0x000001c9       0x2d c:/users/east_/.eide/tools/gcc_arm/bin/../lib/gcc/arm-none-eabi/10.2.1/../../../../arm-none-eabi/lib/thumb/v7-m/nofp\libc_nano.a(lib_a-memchr-stub.o)
 .ARM.attributes
                0x000001f6       0x2d c:/users/east_/.eide/tools/gcc_arm/bin/../lib/gcc/arm-none-eabi/10.2.1/../../../../arm-none-eabi/lib/thumb/v7-m/nofp\libc_nano.a(lib_a-memcpy-stub.o)
 .ARM.attributes
                0x00000223       0x2d c:/users/east_/.eide/tools/gcc_arm/bin/../lib/gcc/arm-none-eabi/10.2.1/../../../../arm-none-eabi/lib/thumb/v7-m/nofp\libc_nano.a(lib_a-mprec.o)
 .ARM.attributes
                0x00000250       0x2d c:/users/east_/.eide/tools/gcc_arm/bin/../lib/gcc/arm-none-eabi/10.2.1/../../../../arm-none-eabi/lib/thumb/v7-m/nofp\libc_nano.a(lib_a-nano-callocr.o)
 .ARM.attributes
                0x0000027d       0x2d c:/users/east_/.eide/tools/gcc_arm/bin/../lib/gcc/arm-none-eabi/10.2.1/../../../../arm-none-eabi/lib/thumb/v7-m/nofp\libc_nano.a(lib_a-nano-freer.o)
 .ARM.attributes
                0x000002aa       0x2d c:/users/east_/.eide/tools/gcc_arm/bin/../lib/gcc/arm-none-eabi/10.2.1/../../../../arm-none-eabi/lib/thumb/v7-m/nofp\libc_nano.a(lib_a-nano-mallocr.o)
 .ARM.attributes
                0x000002d7       0x2d c:/users/east_/.eide/tools/gcc_arm/bin/../lib/gcc/arm-none-eabi/10.2.1/../../../../arm-none-eabi/lib/thumb/v7-m/nofp\libc_nano.a(lib_a-sbrkr.o)
 .ARM.attributes
                0x00000304       0x2d c:/users/east_/.eide/tools/gcc_arm/bin/../lib/gcc/arm-none-eabi/10.2.1/../../../../arm-none-eabi/lib/thumb/v7-m/nofp\libc_nano.a(lib_a-assert.o)
 .ARM.attributes
                0x00000331       0x2d c:/users/east_/.eide/tools/gcc_arm/bin/../lib/gcc/arm-none-eabi/10.2.1/../../../../arm-none-eabi/lib/thumb/v7-m/nofp\libc_nano.a(lib_a-fprintf.o)
 .ARM.attributes
                0x0000035e       0x2d c:/users/east_/.eide/tools/gcc_arm/bin/../lib/gcc/arm-none-eabi/10.2.1/../../../../arm-none-eabi/lib/thumb/v7-m/nofp\libc_nano.a(lib_a-locale.o)
 .ARM.attributes
                0x0000038b       0x2d c:/users/east_/.eide/tools/gcc_arm/bin/../lib/gcc/arm-none-eabi/10.2.1/../../../../arm-none-eabi/lib/thumb/v7-m/nofp\libc_nano.a(lib_a-mbtowc_r.o)
 .ARM.attributes
                0x000003b8       0x2d c:/users/east_/.eide/tools/gcc_arm/bin/../lib/gcc/arm-none-eabi/10.2.1/../../../../arm-none-eabi/lib/thumb/v7-m/nofp\libc_nano.a(lib_a-mlock.o)
 .ARM.attributes
                0x000003e5       0x2d c:/users/east_/.eide/tools/gcc_arm/bin/../lib/gcc/arm-none-eabi/10.2.1/../../../../arm-none-eabi/lib/thumb/v7-m/nofp\libc_nano.a(lib_a-nano-vfprintf.o)
 .ARM.attributes
                0x00000412       0x2d c:/users/east_/.eide/tools/gcc_arm/bin/../lib/gcc/arm-none-eabi/10.2.1/../../../../arm-none-eabi/lib/thumb/v7-m/nofp\libc_nano.a(lib_a-reent.o)
 .ARM.attributes
                0x0000043f       0x2d c:/users/east_/.eide/tools/gcc_arm/bin/../lib/gcc/arm-none-eabi/10.2.1/../../../../arm-none-eabi/lib/thumb/v7-m/nofp\libc_nano.a(lib_a-wbuf.o)
 .ARM.attributes
                0x0000046c       0x2d c:/users/east_/.eide/tools/gcc_arm/bin/../lib/gcc/arm-none-eabi/10.2.1/../../../../arm-none-eabi/lib/thumb/v7-m/nofp\libc_nano.a(lib_a-wctomb_r.o)
 .ARM.attributes
                0x00000499       0x2d c:/users/east_/.eide/tools/gcc_arm/bin/../lib/gcc/arm-none-eabi/10.2.1/../../../../arm-none-eabi/lib/thumb/v7-m/nofp\libc_nano.a(lib_a-wsetup.o)
 .ARM.attributes
                0x000004c6       0x2d c:/users/east_/.eide/tools/gcc_arm/bin/../lib/gcc/arm-none-eabi/10.2.1/../../../../arm-none-eabi/lib/thumb/v7-m/nofp\libc_nano.a(lib_a-abort.o)
 .ARM.attributes
                0x000004f3       0x2d c:/users/east_/.eide/tools/gcc_arm/bin/../lib/gcc/arm-none-eabi/10.2.1/../../../../arm-none-eabi/lib/thumb/v7-m/nofp\libc_nano.a(lib_a-ctype_.o)
 .ARM.attributes
                0x00000520       0x2d c:/users/east_/.eide/tools/gcc_arm/bin/../lib/gcc/arm-none-eabi/10.2.1/../../../../arm-none-eabi/lib/thumb/v7-m/nofp\libc_nano.a(lib_a-fflush.o)
 .ARM.attributes
                0x0000054d       0x2d c:/users/east_/.eide/tools/gcc_arm/bin/../lib/gcc/arm-none-eabi/10.2.1/../../../../arm-none-eabi/lib/thumb/v7-m/nofp\libc_nano.a(lib_a-findfp.o)
 .ARM.attributes
                0x0000057a       0x2d c:/users/east_/.eide/tools/gcc_arm/bin/../lib/gcc/arm-none-eabi/10.2.1/../../../../arm-none-eabi/lib/thumb/v7-m/nofp\libc_nano.a(lib_a-fwalk.o)
 .ARM.attributes
                0x000005a7       0x2d c:/users/east_/.eide/tools/gcc_arm/bin/../lib/gcc/arm-none-eabi/10.2.1/../../../../arm-none-eabi/lib/thumb/v7-m/nofp\libc_nano.a(lib_a-lock.o)
 .ARM.attributes
                0x000005d4       0x2d c:/users/east_/.eide/tools/gcc_arm/bin/../lib/gcc/arm-none-eabi/10.2.1/../../../../arm-none-eabi/lib/thumb/v7-m/nofp\libc_nano.a(lib_a-makebuf.o)
 .ARM.attributes
                0x00000601       0x2d c:/users/east_/.eide/tools/gcc_arm/bin/../lib/gcc/arm-none-eabi/10.2.1/../../../../arm-none-eabi/lib/thumb/v7-m/nofp\libc_nano.a(lib_a-memmove.o)
 .ARM.attributes
                0x0000062e       0x2d c:/users/east_/.eide/tools/gcc_arm/bin/../lib/gcc/arm-none-eabi/10.2.1/../../../../arm-none-eabi/lib/thumb/v7-m/nofp\libc_nano.a(lib_a-nano-reallocr.o)
 .ARM.attributes
                0x0000065b       0x2d c:/users/east_/.eide/tools/gcc_arm/bin/../lib/gcc/arm-none-eabi/10.2.1/../../../../arm-none-eabi/lib/thumb/v7-m/nofp\libc_nano.a(lib_a-signal.o)
 .ARM.attributes
                0x00000688       0x2d c:/users/east_/.eide/tools/gcc_arm/bin/../lib/gcc/arm-none-eabi/10.2.1/../../../../arm-none-eabi/lib/thumb/v7-m/nofp\libc_nano.a(lib_a-signalr.o)
 .ARM.attributes
                0x000006b5       0x2d c:/users/east_/.eide/tools/gcc_arm/bin/../lib/gcc/arm-none-eabi/10.2.1/../../../../arm-none-eabi/lib/thumb/v7-m/nofp\libc_nano.a(lib_a-stdio.o)
 .ARM.attributes
                0x000006e2       0x2d c:/users/east_/.eide/tools/gcc_arm/bin/../lib/gcc/arm-none-eabi/10.2.1/../../../../arm-none-eabi/lib/thumb/v7-m/nofp\libc_nano.a(lib_a-writer.o)
 .ARM.attributes
                0x0000070f       0x2d c:/users/east_/.eide/tools/gcc_arm/bin/../lib/gcc/arm-none-eabi/10.2.1/../../../../arm-none-eabi/lib/thumb/v7-m/nofp\libc_nano.a(lib_a-closer.o)
 .ARM.attributes
                0x0000073c       0x2d c:/users/east_/.eide/tools/gcc_arm/bin/../lib/gcc/arm-none-eabi/10.2.1/../../../../arm-none-eabi/lib/thumb/v7-m/nofp\libc_nano.a(lib_a-fstatr.o)
 .ARM.attributes
                0x00000769       0x2d c:/users/east_/.eide/tools/gcc_arm/bin/../lib/gcc/arm-none-eabi/10.2.1/../../../../arm-none-eabi/lib/thumb/v7-m/nofp\libc_nano.a(lib_a-isattyr.o)
 .ARM.attributes
                0x00000796       0x2d c:/users/east_/.eide/tools/gcc_arm/bin/../lib/gcc/arm-none-eabi/10.2.1/../../../../arm-none-eabi/lib/thumb/v7-m/nofp\libc_nano.a(lib_a-lseekr.o)
 .ARM.attributes
                0x000007c3       0x2d c:/users/east_/.eide/tools/gcc_arm/bin/../lib/gcc/arm-none-eabi/10.2.1/../../../../arm-none-eabi/lib/thumb/v7-m/nofp\libc_nano.a(lib_a-nano-msizer.o)
 .ARM.attributes
                0x000007f0       0x2d c:/users/east_/.eide/tools/gcc_arm/bin/../lib/gcc/arm-none-eabi/10.2.1/../../../../arm-none-eabi/lib/thumb/v7-m/nofp\libc_nano.a(lib_a-readr.o)
 .ARM.attributes
                0x0000081d       0x2d CMakeFiles/iic.dir/Core/Src/aht20.c.obj
 .ARM.attributes
                0x0000084a       0x2d CMakeFiles/iic.dir/Core/Src/main.c.obj
 .ARM.attributes
                0x00000877       0x2d CMakeFiles/iic.dir/Core/Src/gpio.c.obj
 .ARM.attributes
                0x000008a4       0x2d CMakeFiles/iic.dir/Core/Src/i2c.c.obj
 .ARM.attributes
                0x000008d1       0x2d CMakeFiles/iic.dir/Core/Src/usart.c.obj
 .ARM.attributes
                0x000008fe       0x2d CMakeFiles/iic.dir/Core/Src/stm32f1xx_it.c.obj
 .ARM.attributes
                0x0000092b       0x2d CMakeFiles/iic.dir/Core/Src/stm32f1xx_hal_msp.c.obj
 .ARM.attributes
                0x00000958       0x2d CMakeFiles/iic.dir/Drivers/STM32F1xx_HAL_Driver/Src/stm32f1xx_hal_i2c.c.obj
 .ARM.attributes
                0x00000985       0x2d CMakeFiles/iic.dir/Drivers/STM32F1xx_HAL_Driver/Src/stm32f1xx_hal.c.obj
 .ARM.attributes
                0x000009b2       0x2d CMakeFiles/iic.dir/Drivers/STM32F1xx_HAL_Driver/Src/stm32f1xx_hal_rcc.c.obj
 .ARM.attributes
                0x000009df       0x2d CMakeFiles/iic.dir/Drivers/STM32F1xx_HAL_Driver/Src/stm32f1xx_hal_gpio.c.obj
 .ARM.attributes
                0x00000a0c       0x2d CMakeFiles/iic.dir/Drivers/STM32F1xx_HAL_Driver/Src/stm32f1xx_hal_dma.c.obj
 .ARM.attributes
                0x00000a39       0x2d CMakeFiles/iic.dir/Drivers/STM32F1xx_HAL_Driver/Src/stm32f1xx_hal_cortex.c.obj
 .ARM.attributes
                0x00000a66       0x2d CMakeFiles/iic.dir/Drivers/STM32F1xx_HAL_Driver/Src/stm32f1xx_hal_uart.c.obj
 .ARM.attributes
                0x00000a93       0x2d CMakeFiles/iic.dir/Core/Src/system_stm32f1xx.c.obj
 .ARM.attributes
                0x00000ac0       0x2d CMakeFiles/iic.dir/Core/Src/sysmem.c.obj
 .ARM.attributes
                0x00000aed       0x2d CMakeFiles/iic.dir/Core/Src/syscalls.c.obj
 .ARM.attributes
                0x00000b1a       0x21 CMakeFiles/iic.dir/startup_stm32f103xb.s.obj
 .ARM.attributes
                0x00000b3b       0x1d c:/users/east_/.eide/tools/gcc_arm/bin/../lib/gcc/arm-none-eabi/10.2.1/thumb/v7-m/nofp\libgcc.a(_arm_addsubdf3.o)
 .ARM.attributes
                0x00000b58       0x1d c:/users/east_/.eide/tools/gcc_arm/bin/../lib/gcc/arm-none-eabi/10.2.1/thumb/v7-m/nofp\libgcc.a(_arm_muldivdf3.o)
 .ARM.attributes
                0x00000b75       0x1d c:/users/east_/.eide/tools/gcc_arm/bin/../lib/gcc/arm-none-eabi/10.2.1/thumb/v7-m/nofp\libgcc.a(_arm_cmpdf2.o)
 .ARM.attributes
                0x00000b92       0x1d c:/users/east_/.eide/tools/gcc_arm/bin/../lib/gcc/arm-none-eabi/10.2.1/thumb/v7-m/nofp\libgcc.a(_arm_unorddf2.o)
 .ARM.attributes
                0x00000baf       0x1d c:/users/east_/.eide/tools/gcc_arm/bin/../lib/gcc/arm-none-eabi/10.2.1/thumb/v7-m/nofp\libgcc.a(_arm_fixdfsi.o)
 .ARM.attributes
                0x00000bcc       0x1d c:/users/east_/.eide/tools/gcc_arm/bin/../lib/gcc/arm-none-eabi/10.2.1/thumb/v7-m/nofp\libgcc.a(_arm_addsubsf3.o)
 .ARM.attributes
                0x00000be9       0x1d c:/users/east_/.eide/tools/gcc_arm/bin/../lib/gcc/arm-none-eabi/10.2.1/thumb/v7-m/nofp\libgcc.a(_arm_muldivsf3.o)
 .ARM.attributes
                0x00000c06       0x2d c:/users/east_/.eide/tools/gcc_arm/bin/../lib/gcc/arm-none-eabi/10.2.1/../../../../arm-none-eabi/lib/thumb/v7-m/nofp\libg_nano.a(lib_a-errno.o)
 .ARM.attributes
                0x00000c33       0x2d c:/users/east_/.eide/tools/gcc_arm/bin/../lib/gcc/arm-none-eabi/10.2.1/../../../../arm-none-eabi/lib/thumb/v7-m/nofp\libg_nano.a(lib_a-sprintf.o)
 .ARM.attributes
                0x00000c60       0x2d c:/users/east_/.eide/tools/gcc_arm/bin/../lib/gcc/arm-none-eabi/10.2.1/../../../../arm-none-eabi/lib/thumb/v7-m/nofp\libg_nano.a(lib_a-nano-svfprintf.o)
 .ARM.attributes
                0x00000c8d       0x1d c:/users/east_/.eide/tools/gcc_arm/bin/../lib/gcc/arm-none-eabi/10.2.1/thumb/v7-m/nofp/crtn.o
OUTPUT(iic.elf elf32-littlearm)
LOAD linker stubs
LOAD c:/users/east_/.eide/tools/gcc_arm/bin/../lib/gcc/arm-none-eabi/10.2.1/../../../../arm-none-eabi/lib/thumb/v7-m/nofp\libc.a
LOAD c:/users/east_/.eide/tools/gcc_arm/bin/../lib/gcc/arm-none-eabi/10.2.1/../../../../arm-none-eabi/lib/thumb/v7-m/nofp\libm.a
LOAD c:/users/east_/.eide/tools/gcc_arm/bin/../lib/gcc/arm-none-eabi/10.2.1/thumb/v7-m/nofp\libgcc.a

.debug_frame    0x00000000     0x3c08
 .debug_frame   0x00000000       0x2c c:/users/east_/.eide/tools/gcc_arm/bin/../lib/gcc/arm-none-eabi/10.2.1/../../../../arm-none-eabi/lib/thumb/v7-m/nofp\libc_nano.a(lib_a-init.o)
 .debug_frame   0x0000002c       0x20 c:/users/east_/.eide/tools/gcc_arm/bin/../lib/gcc/arm-none-eabi/10.2.1/../../../../arm-none-eabi/lib/thumb/v7-m/nofp\libc_nano.a(lib_a-memset.o)
 .debug_frame   0x0000004c       0x94 c:/users/east_/.eide/tools/gcc_arm/bin/../lib/gcc/arm-none-eabi/10.2.1/../../../../arm-none-eabi/lib/thumb/v7-m/nofp\libc_nano.a(lib_a-nano-vfprintf_float.o)
 .debug_frame   0x000000e0       0x60 c:/users/east_/.eide/tools/gcc_arm/bin/../lib/gcc/arm-none-eabi/10.2.1/../../../../arm-none-eabi/lib/thumb/v7-m/nofp\libc_nano.a(lib_a-nano-vfprintf_i.o)
 .debug_frame   0x00000140       0x6c c:/users/east_/.eide/tools/gcc_arm/bin/../lib/gcc/arm-none-eabi/10.2.1/../../../../arm-none-eabi/lib/thumb/v7-m/nofp\libc_nano.a(lib_a-dtoa.o)
 .debug_frame   0x000001ac       0x40 c:/users/east_/.eide/tools/gcc_arm/bin/../lib/gcc/arm-none-eabi/10.2.1/../../../../arm-none-eabi/lib/thumb/v7-m/nofp\libc_nano.a(lib_a-localeconv.o)
 .debug_frame   0x000001ec       0x30 c:/users/east_/.eide/tools/gcc_arm/bin/../lib/gcc/arm-none-eabi/10.2.1/../../../../arm-none-eabi/lib/thumb/v7-m/nofp\libc_nano.a(lib_a-malloc.o)
 .debug_frame   0x0000021c       0x28 c:/users/east_/.eide/tools/gcc_arm/bin/../lib/gcc/arm-none-eabi/10.2.1/../../../../arm-none-eabi/lib/thumb/v7-m/nofp\libc_nano.a(lib_a-memchr-stub.o)
 .debug_frame   0x00000244       0x28 c:/users/east_/.eide/tools/gcc_arm/bin/../lib/gcc/arm-none-eabi/10.2.1/../../../../arm-none-eabi/lib/thumb/v7-m/nofp\libc_nano.a(lib_a-memcpy-stub.o)
 .debug_frame   0x0000026c      0x254 c:/users/east_/.eide/tools/gcc_arm/bin/../lib/gcc/arm-none-eabi/10.2.1/../../../../arm-none-eabi/lib/thumb/v7-m/nofp\libc_nano.a(lib_a-mprec.o)
 .debug_frame   0x000004c0       0x2c c:/users/east_/.eide/tools/gcc_arm/bin/../lib/gcc/arm-none-eabi/10.2.1/../../../../arm-none-eabi/lib/thumb/v7-m/nofp\libc_nano.a(lib_a-nano-callocr.o)
 .debug_frame   0x000004ec       0x38 c:/users/east_/.eide/tools/gcc_arm/bin/../lib/gcc/arm-none-eabi/10.2.1/../../../../arm-none-eabi/lib/thumb/v7-m/nofp\libc_nano.a(lib_a-nano-freer.o)
 .debug_frame   0x00000524       0x30 c:/users/east_/.eide/tools/gcc_arm/bin/../lib/gcc/arm-none-eabi/10.2.1/../../../../arm-none-eabi/lib/thumb/v7-m/nofp\libc_nano.a(lib_a-nano-mallocr.o)
 .debug_frame   0x00000554       0x2c c:/users/east_/.eide/tools/gcc_arm/bin/../lib/gcc/arm-none-eabi/10.2.1/../../../../arm-none-eabi/lib/thumb/v7-m/nofp\libc_nano.a(lib_a-sbrkr.o)
 .debug_frame   0x00000580       0x40 c:/users/east_/.eide/tools/gcc_arm/bin/../lib/gcc/arm-none-eabi/10.2.1/../../../../arm-none-eabi/lib/thumb/v7-m/nofp\libc_nano.a(lib_a-assert.o)
 .debug_frame   0x000005c0       0x64 c:/users/east_/.eide/tools/gcc_arm/bin/../lib/gcc/arm-none-eabi/10.2.1/../../../../arm-none-eabi/lib/thumb/v7-m/nofp\libc_nano.a(lib_a-fprintf.o)
 .debug_frame   0x00000624       0x48 c:/users/east_/.eide/tools/gcc_arm/bin/../lib/gcc/arm-none-eabi/10.2.1/../../../../arm-none-eabi/lib/thumb/v7-m/nofp\libc_nano.a(lib_a-locale.o)
 .debug_frame   0x0000066c       0x48 c:/users/east_/.eide/tools/gcc_arm/bin/../lib/gcc/arm-none-eabi/10.2.1/../../../../arm-none-eabi/lib/thumb/v7-m/nofp\libc_nano.a(lib_a-mbtowc_r.o)
 .debug_frame   0x000006b4       0x30 c:/users/east_/.eide/tools/gcc_arm/bin/../lib/gcc/arm-none-eabi/10.2.1/../../../../arm-none-eabi/lib/thumb/v7-m/nofp\libc_nano.a(lib_a-mlock.o)
 .debug_frame   0x000006e4       0xac c:/users/east_/.eide/tools/gcc_arm/bin/../lib/gcc/arm-none-eabi/10.2.1/../../../../arm-none-eabi/lib/thumb/v7-m/nofp\libc_nano.a(lib_a-nano-vfprintf.o)
 .debug_frame   0x00000790       0x5c c:/users/east_/.eide/tools/gcc_arm/bin/../lib/gcc/arm-none-eabi/10.2.1/../../../../arm-none-eabi/lib/thumb/v7-m/nofp\libc_nano.a(lib_a-reent.o)
 .debug_frame   0x000007ec       0x40 c:/users/east_/.eide/tools/gcc_arm/bin/../lib/gcc/arm-none-eabi/10.2.1/../../../../arm-none-eabi/lib/thumb/v7-m/nofp\libc_nano.a(lib_a-wbuf.o)
 .debug_frame   0x0000082c       0x3c c:/users/east_/.eide/tools/gcc_arm/bin/../lib/gcc/arm-none-eabi/10.2.1/../../../../arm-none-eabi/lib/thumb/v7-m/nofp\libc_nano.a(lib_a-wctomb_r.o)
 .debug_frame   0x00000868       0x2c c:/users/east_/.eide/tools/gcc_arm/bin/../lib/gcc/arm-none-eabi/10.2.1/../../../../arm-none-eabi/lib/thumb/v7-m/nofp\libc_nano.a(lib_a-wsetup.o)
 .debug_frame   0x00000894       0x28 c:/users/east_/.eide/tools/gcc_arm/bin/../lib/gcc/arm-none-eabi/10.2.1/../../../../arm-none-eabi/lib/thumb/v7-m/nofp\libc_nano.a(lib_a-abort.o)
 .debug_frame   0x000008bc       0x5c c:/users/east_/.eide/tools/gcc_arm/bin/../lib/gcc/arm-none-eabi/10.2.1/../../../../arm-none-eabi/lib/thumb/v7-m/nofp\libc_nano.a(lib_a-fflush.o)
 .debug_frame   0x00000918      0x14c c:/users/east_/.eide/tools/gcc_arm/bin/../lib/gcc/arm-none-eabi/10.2.1/../../../../arm-none-eabi/lib/thumb/v7-m/nofp\libc_nano.a(lib_a-findfp.o)
 .debug_frame   0x00000a64       0x54 c:/users/east_/.eide/tools/gcc_arm/bin/../lib/gcc/arm-none-eabi/10.2.1/../../../../arm-none-eabi/lib/thumb/v7-m/nofp\libc_nano.a(lib_a-fwalk.o)
 .debug_frame   0x00000ab8       0xb0 c:/users/east_/.eide/tools/gcc_arm/bin/../lib/gcc/arm-none-eabi/10.2.1/../../../../arm-none-eabi/lib/thumb/v7-m/nofp\libc_nano.a(lib_a-lock.o)
 .debug_frame   0x00000b68       0x58 c:/users/east_/.eide/tools/gcc_arm/bin/../lib/gcc/arm-none-eabi/10.2.1/../../../../arm-none-eabi/lib/thumb/v7-m/nofp\libc_nano.a(lib_a-makebuf.o)
 .debug_frame   0x00000bc0       0x28 c:/users/east_/.eide/tools/gcc_arm/bin/../lib/gcc/arm-none-eabi/10.2.1/../../../../arm-none-eabi/lib/thumb/v7-m/nofp\libc_nano.a(lib_a-memmove.o)
 .debug_frame   0x00000be8       0x3c c:/users/east_/.eide/tools/gcc_arm/bin/../lib/gcc/arm-none-eabi/10.2.1/../../../../arm-none-eabi/lib/thumb/v7-m/nofp\libc_nano.a(lib_a-nano-reallocr.o)
 .debug_frame   0x00000c24       0xcc c:/users/east_/.eide/tools/gcc_arm/bin/../lib/gcc/arm-none-eabi/10.2.1/../../../../arm-none-eabi/lib/thumb/v7-m/nofp\libc_nano.a(lib_a-signal.o)
 .debug_frame   0x00000cf0       0x3c c:/users/east_/.eide/tools/gcc_arm/bin/../lib/gcc/arm-none-eabi/10.2.1/../../../../arm-none-eabi/lib/thumb/v7-m/nofp\libc_nano.a(lib_a-signalr.o)
 .debug_frame   0x00000d2c       0x88 c:/users/east_/.eide/tools/gcc_arm/bin/../lib/gcc/arm-none-eabi/10.2.1/../../../../arm-none-eabi/lib/thumb/v7-m/nofp\libc_nano.a(lib_a-stdio.o)
 .debug_frame   0x00000db4       0x2c c:/users/east_/.eide/tools/gcc_arm/bin/../lib/gcc/arm-none-eabi/10.2.1/../../../../arm-none-eabi/lib/thumb/v7-m/nofp\libc_nano.a(lib_a-writer.o)
 .debug_frame   0x00000de0       0x2c c:/users/east_/.eide/tools/gcc_arm/bin/../lib/gcc/arm-none-eabi/10.2.1/../../../../arm-none-eabi/lib/thumb/v7-m/nofp\libc_nano.a(lib_a-closer.o)
 .debug_frame   0x00000e0c       0x2c c:/users/east_/.eide/tools/gcc_arm/bin/../lib/gcc/arm-none-eabi/10.2.1/../../../../arm-none-eabi/lib/thumb/v7-m/nofp\libc_nano.a(lib_a-fstatr.o)
 .debug_frame   0x00000e38       0x2c c:/users/east_/.eide/tools/gcc_arm/bin/../lib/gcc/arm-none-eabi/10.2.1/../../../../arm-none-eabi/lib/thumb/v7-m/nofp\libc_nano.a(lib_a-isattyr.o)
 .debug_frame   0x00000e64       0x2c c:/users/east_/.eide/tools/gcc_arm/bin/../lib/gcc/arm-none-eabi/10.2.1/../../../../arm-none-eabi/lib/thumb/v7-m/nofp\libc_nano.a(lib_a-lseekr.o)
 .debug_frame   0x00000e90       0x20 c:/users/east_/.eide/tools/gcc_arm/bin/../lib/gcc/arm-none-eabi/10.2.1/../../../../arm-none-eabi/lib/thumb/v7-m/nofp\libc_nano.a(lib_a-nano-msizer.o)
 .debug_frame   0x00000eb0       0x2c c:/users/east_/.eide/tools/gcc_arm/bin/../lib/gcc/arm-none-eabi/10.2.1/../../../../arm-none-eabi/lib/thumb/v7-m/nofp\libc_nano.a(lib_a-readr.o)
 .debug_frame   0x00000edc       0x6c CMakeFiles/iic.dir/Core/Src/aht20.c.obj
 .debug_frame   0x00000f48       0x70 CMakeFiles/iic.dir/Core/Src/main.c.obj
 .debug_frame   0x00000fb8       0x38 CMakeFiles/iic.dir/Core/Src/gpio.c.obj
 .debug_frame   0x00000ff0       0xc4 CMakeFiles/iic.dir/Core/Src/i2c.c.obj
 .debug_frame   0x000010b4       0x74 CMakeFiles/iic.dir/Core/Src/usart.c.obj
 .debug_frame   0x00001128      0x13c CMakeFiles/iic.dir/Core/Src/stm32f1xx_it.c.obj
 .debug_frame   0x00001264       0x38 CMakeFiles/iic.dir/Core/Src/stm32f1xx_hal_msp.c.obj
 .debug_frame   0x0000129c      0xc84 CMakeFiles/iic.dir/Drivers/STM32F1xx_HAL_Driver/Src/stm32f1xx_hal_i2c.c.obj
 .debug_frame   0x00001f20      0x334 CMakeFiles/iic.dir/Drivers/STM32F1xx_HAL_Driver/Src/stm32f1xx_hal.c.obj
 .debug_frame   0x00002254      0x218 CMakeFiles/iic.dir/Drivers/STM32F1xx_HAL_Driver/Src/stm32f1xx_hal_rcc.c.obj
 .debug_frame   0x0000246c      0x14c CMakeFiles/iic.dir/Drivers/STM32F1xx_HAL_Driver/Src/stm32f1xx_hal_gpio.c.obj
 .debug_frame   0x000025b8      0x208 CMakeFiles/iic.dir/Drivers/STM32F1xx_HAL_Driver/Src/stm32f1xx_hal_dma.c.obj
 .debug_frame   0x000027c0      0x428 CMakeFiles/iic.dir/Drivers/STM32F1xx_HAL_Driver/Src/stm32f1xx_hal_cortex.c.obj
 .debug_frame   0x00002be8      0x944 CMakeFiles/iic.dir/Drivers/STM32F1xx_HAL_Driver/Src/stm32f1xx_hal_uart.c.obj
 .debug_frame   0x0000352c       0x58 CMakeFiles/iic.dir/Core/Src/system_stm32f1xx.c.obj
 .debug_frame   0x00003584       0x34 CMakeFiles/iic.dir/Core/Src/sysmem.c.obj
 .debug_frame   0x000035b8      0x2ac CMakeFiles/iic.dir/Core/Src/syscalls.c.obj
 .debug_frame   0x00003864       0xac c:/users/east_/.eide/tools/gcc_arm/bin/../lib/gcc/arm-none-eabi/10.2.1/thumb/v7-m/nofp\libgcc.a(_arm_addsubdf3.o)
 .debug_frame   0x00003910       0x50 c:/users/east_/.eide/tools/gcc_arm/bin/../lib/gcc/arm-none-eabi/10.2.1/thumb/v7-m/nofp\libgcc.a(_arm_muldivdf3.o)
 .debug_frame   0x00003960       0xc4 c:/users/east_/.eide/tools/gcc_arm/bin/../lib/gcc/arm-none-eabi/10.2.1/thumb/v7-m/nofp\libgcc.a(_arm_cmpdf2.o)
 .debug_frame   0x00003a24       0x20 c:/users/east_/.eide/tools/gcc_arm/bin/../lib/gcc/arm-none-eabi/10.2.1/thumb/v7-m/nofp\libgcc.a(_arm_unorddf2.o)
 .debug_frame   0x00003a44       0x24 c:/users/east_/.eide/tools/gcc_arm/bin/../lib/gcc/arm-none-eabi/10.2.1/thumb/v7-m/nofp\libgcc.a(_arm_fixdfsi.o)
 .debug_frame   0x00003a68       0x4c c:/users/east_/.eide/tools/gcc_arm/bin/../lib/gcc/arm-none-eabi/10.2.1/thumb/v7-m/nofp\libgcc.a(_arm_addsubsf3.o)
 .debug_frame   0x00003ab4       0x38 c:/users/east_/.eide/tools/gcc_arm/bin/../lib/gcc/arm-none-eabi/10.2.1/thumb/v7-m/nofp\libgcc.a(_arm_muldivsf3.o)
 .debug_frame   0x00003aec       0x20 c:/users/east_/.eide/tools/gcc_arm/bin/../lib/gcc/arm-none-eabi/10.2.1/../../../../arm-none-eabi/lib/thumb/v7-m/nofp\libg_nano.a(lib_a-errno.o)
 .debug_frame   0x00003b0c       0x6c c:/users/east_/.eide/tools/gcc_arm/bin/../lib/gcc/arm-none-eabi/10.2.1/../../../../arm-none-eabi/lib/thumb/v7-m/nofp\libg_nano.a(lib_a-sprintf.o)
 .debug_frame   0x00003b78       0x90 c:/users/east_/.eide/tools/gcc_arm/bin/../lib/gcc/arm-none-eabi/10.2.1/../../../../arm-none-eabi/lib/thumb/v7-m/nofp\libg_nano.a(lib_a-nano-svfprintf.o)

.debug_info     0x00000000     0xb286
 .debug_info    0x00000000      0x67a CMakeFiles/iic.dir/Core/Src/aht20.c.obj
 .debug_info    0x0000067a      0x781 CMakeFiles/iic.dir/Core/Src/main.c.obj
 .debug_info    0x00000dfb      0x180 CMakeFiles/iic.dir/Core/Src/gpio.c.obj
 .debug_info    0x00000f7b      0x996 CMakeFiles/iic.dir/Core/Src/i2c.c.obj
 .debug_info    0x00001911      0x7ab CMakeFiles/iic.dir/Core/Src/usart.c.obj
 .debug_info    0x000020bc      0x67c CMakeFiles/iic.dir/Core/Src/stm32f1xx_it.c.obj
 .debug_info    0x00002738      0x210 CMakeFiles/iic.dir/Core/Src/stm32f1xx_hal_msp.c.obj
 .debug_info    0x00002948     0x2703 CMakeFiles/iic.dir/Drivers/STM32F1xx_HAL_Driver/Src/stm32f1xx_hal_i2c.c.obj
 .debug_info    0x0000504b      0x6e1 CMakeFiles/iic.dir/Drivers/STM32F1xx_HAL_Driver/Src/stm32f1xx_hal.c.obj
 .debug_info    0x0000572c      0x81e CMakeFiles/iic.dir/Drivers/STM32F1xx_HAL_Driver/Src/stm32f1xx_hal_rcc.c.obj
 .debug_info    0x00005f4a      0x615 CMakeFiles/iic.dir/Drivers/STM32F1xx_HAL_Driver/Src/stm32f1xx_hal_gpio.c.obj
 .debug_info    0x0000655f      0x737 CMakeFiles/iic.dir/Drivers/STM32F1xx_HAL_Driver/Src/stm32f1xx_hal_dma.c.obj
 .debug_info    0x00006c96      0xb20 CMakeFiles/iic.dir/Drivers/STM32F1xx_HAL_Driver/Src/stm32f1xx_hal_cortex.c.obj
 .debug_info    0x000077b6     0x3060 CMakeFiles/iic.dir/Drivers/STM32F1xx_HAL_Driver/Src/stm32f1xx_hal_uart.c.obj
 .debug_info    0x0000a816      0x23d CMakeFiles/iic.dir/Core/Src/system_stm32f1xx.c.obj
 .debug_info    0x0000aa53      0x15f CMakeFiles/iic.dir/Core/Src/sysmem.c.obj
 .debug_info    0x0000abb2      0x6b2 CMakeFiles/iic.dir/Core/Src/syscalls.c.obj
 .debug_info    0x0000b264       0x22 CMakeFiles/iic.dir/startup_stm32f103xb.s.obj

.debug_abbrev   0x00000000     0x1cdd
 .debug_abbrev  0x00000000      0x1a8 CMakeFiles/iic.dir/Core/Src/aht20.c.obj
 .debug_abbrev  0x000001a8      0x1c9 CMakeFiles/iic.dir/Core/Src/main.c.obj
 .debug_abbrev  0x00000371       0xc2 CMakeFiles/iic.dir/Core/Src/gpio.c.obj
 .debug_abbrev  0x00000433      0x1ce CMakeFiles/iic.dir/Core/Src/i2c.c.obj
 .debug_abbrev  0x00000601      0x196 CMakeFiles/iic.dir/Core/Src/usart.c.obj
 .debug_abbrev  0x00000797      0x137 CMakeFiles/iic.dir/Core/Src/stm32f1xx_it.c.obj
 .debug_abbrev  0x000008ce       0xd4 CMakeFiles/iic.dir/Core/Src/stm32f1xx_hal_msp.c.obj
 .debug_abbrev  0x000009a2      0x25c CMakeFiles/iic.dir/Drivers/STM32F1xx_HAL_Driver/Src/stm32f1xx_hal_i2c.c.obj
 .debug_abbrev  0x00000bfe      0x1c8 CMakeFiles/iic.dir/Drivers/STM32F1xx_HAL_Driver/Src/stm32f1xx_hal.c.obj
 .debug_abbrev  0x00000dc6      0x260 CMakeFiles/iic.dir/Drivers/STM32F1xx_HAL_Driver/Src/stm32f1xx_hal_rcc.c.obj
 .debug_abbrev  0x00001026      0x1bb CMakeFiles/iic.dir/Drivers/STM32F1xx_HAL_Driver/Src/stm32f1xx_hal_gpio.c.obj
 .debug_abbrev  0x000011e1      0x1e9 CMakeFiles/iic.dir/Drivers/STM32F1xx_HAL_Driver/Src/stm32f1xx_hal_dma.c.obj
 .debug_abbrev  0x000013ca      0x2ed CMakeFiles/iic.dir/Drivers/STM32F1xx_HAL_Driver/Src/stm32f1xx_hal_cortex.c.obj
 .debug_abbrev  0x000016b7      0x2b3 CMakeFiles/iic.dir/Drivers/STM32F1xx_HAL_Driver/Src/stm32f1xx_hal_uart.c.obj
 .debug_abbrev  0x0000196a      0x13b CMakeFiles/iic.dir/Core/Src/system_stm32f1xx.c.obj
 .debug_abbrev  0x00001aa5       0xa6 CMakeFiles/iic.dir/Core/Src/sysmem.c.obj
 .debug_abbrev  0x00001b4b      0x180 CMakeFiles/iic.dir/Core/Src/syscalls.c.obj
 .debug_abbrev  0x00001ccb       0x12 CMakeFiles/iic.dir/startup_stm32f103xb.s.obj

.debug_aranges  0x00000000      0xa90
 .debug_aranges
                0x00000000       0x30 CMakeFiles/iic.dir/Core/Src/aht20.c.obj
 .debug_aranges
                0x00000030       0x30 CMakeFiles/iic.dir/Core/Src/main.c.obj
 .debug_aranges
                0x00000060       0x20 CMakeFiles/iic.dir/Core/Src/gpio.c.obj
 .debug_aranges
                0x00000080       0x40 CMakeFiles/iic.dir/Core/Src/i2c.c.obj
 .debug_aranges
                0x000000c0       0x30 CMakeFiles/iic.dir/Core/Src/usart.c.obj
 .debug_aranges
                0x000000f0       0x70 CMakeFiles/iic.dir/Core/Src/stm32f1xx_it.c.obj
 .debug_aranges
                0x00000160       0x20 CMakeFiles/iic.dir/Core/Src/stm32f1xx_hal_msp.c.obj
 .debug_aranges
                0x00000180      0x2a8 CMakeFiles/iic.dir/Drivers/STM32F1xx_HAL_Driver/Src/stm32f1xx_hal_i2c.c.obj
 .debug_aranges
                0x00000428       0xe0 CMakeFiles/iic.dir/Drivers/STM32F1xx_HAL_Driver/Src/stm32f1xx_hal.c.obj
 .debug_aranges
                0x00000508       0x90 CMakeFiles/iic.dir/Drivers/STM32F1xx_HAL_Driver/Src/stm32f1xx_hal_rcc.c.obj
 .debug_aranges
                0x00000598       0x58 CMakeFiles/iic.dir/Drivers/STM32F1xx_HAL_Driver/Src/stm32f1xx_hal_gpio.c.obj
 .debug_aranges
                0x000005f0       0x80 CMakeFiles/iic.dir/Drivers/STM32F1xx_HAL_Driver/Src/stm32f1xx_hal_dma.c.obj
 .debug_aranges
                0x00000670      0x100 CMakeFiles/iic.dir/Drivers/STM32F1xx_HAL_Driver/Src/stm32f1xx_hal_cortex.c.obj
 .debug_aranges
                0x00000770      0x208 CMakeFiles/iic.dir/Drivers/STM32F1xx_HAL_Driver/Src/stm32f1xx_hal_uart.c.obj
 .debug_aranges
                0x00000978       0x28 CMakeFiles/iic.dir/Core/Src/system_stm32f1xx.c.obj
 .debug_aranges
                0x000009a0       0x20 CMakeFiles/iic.dir/Core/Src/sysmem.c.obj
 .debug_aranges
                0x000009c0       0xa8 CMakeFiles/iic.dir/Core/Src/syscalls.c.obj
 .debug_aranges
                0x00000a68       0x28 CMakeFiles/iic.dir/startup_stm32f103xb.s.obj

.debug_ranges   0x00000000      0x9c0
 .debug_ranges  0x00000000       0x20 CMakeFiles/iic.dir/Core/Src/aht20.c.obj
 .debug_ranges  0x00000020       0x20 CMakeFiles/iic.dir/Core/Src/main.c.obj
 .debug_ranges  0x00000040       0x10 CMakeFiles/iic.dir/Core/Src/gpio.c.obj
 .debug_ranges  0x00000050       0x30 CMakeFiles/iic.dir/Core/Src/i2c.c.obj
 .debug_ranges  0x00000080       0x20 CMakeFiles/iic.dir/Core/Src/usart.c.obj
 .debug_ranges  0x000000a0       0x60 CMakeFiles/iic.dir/Core/Src/stm32f1xx_it.c.obj
 .debug_ranges  0x00000100       0x10 CMakeFiles/iic.dir/Core/Src/stm32f1xx_hal_msp.c.obj
 .debug_ranges  0x00000110      0x2b0 CMakeFiles/iic.dir/Drivers/STM32F1xx_HAL_Driver/Src/stm32f1xx_hal_i2c.c.obj
 .debug_ranges  0x000003c0       0xd0 CMakeFiles/iic.dir/Drivers/STM32F1xx_HAL_Driver/Src/stm32f1xx_hal.c.obj
 .debug_ranges  0x00000490       0x80 CMakeFiles/iic.dir/Drivers/STM32F1xx_HAL_Driver/Src/stm32f1xx_hal_rcc.c.obj
 .debug_ranges  0x00000510       0x48 CMakeFiles/iic.dir/Drivers/STM32F1xx_HAL_Driver/Src/stm32f1xx_hal_gpio.c.obj
 .debug_ranges  0x00000558       0x70 CMakeFiles/iic.dir/Drivers/STM32F1xx_HAL_Driver/Src/stm32f1xx_hal_dma.c.obj
 .debug_ranges  0x000005c8       0xf0 CMakeFiles/iic.dir/Drivers/STM32F1xx_HAL_Driver/Src/stm32f1xx_hal_cortex.c.obj
 .debug_ranges  0x000006b8      0x228 CMakeFiles/iic.dir/Drivers/STM32F1xx_HAL_Driver/Src/stm32f1xx_hal_uart.c.obj
 .debug_ranges  0x000008e0       0x18 CMakeFiles/iic.dir/Core/Src/system_stm32f1xx.c.obj
 .debug_ranges  0x000008f8       0x10 CMakeFiles/iic.dir/Core/Src/sysmem.c.obj
 .debug_ranges  0x00000908       0x98 CMakeFiles/iic.dir/Core/Src/syscalls.c.obj
 .debug_ranges  0x000009a0       0x20 CMakeFiles/iic.dir/startup_stm32f103xb.s.obj

.debug_macro    0x00000000    0x1843f
 .debug_macro   0x00000000      0x1bc CMakeFiles/iic.dir/Core/Src/aht20.c.obj
 .debug_macro   0x000001bc      0xa6c CMakeFiles/iic.dir/Core/Src/aht20.c.obj
 .debug_macro   0x00000c28      0x21b CMakeFiles/iic.dir/Core/Src/aht20.c.obj
 .debug_macro   0x00000e43       0x2e CMakeFiles/iic.dir/Core/Src/aht20.c.obj
 .debug_macro   0x00000e71       0x22 CMakeFiles/iic.dir/Core/Src/aht20.c.obj
 .debug_macro   0x00000e93       0x22 CMakeFiles/iic.dir/Core/Src/aht20.c.obj
 .debug_macro   0x00000eb5       0x8e CMakeFiles/iic.dir/Core/Src/aht20.c.obj