Archive member included to satisfy reference by file (symbol)

c:/users/east_/.eide/tools/gcc_arm/bin/../lib/gcc/arm-none-eabi/10.2.1/../../../../arm-none-eabi/lib/thumb/v7-m/nofp\libc_nano.a(lib_a-exit.o)
                              c:/users/east_/.eide/tools/gcc_arm/bin/../lib/gcc/arm-none-eabi/10.2.1/../../../../arm-none-eabi/lib/thumb/v7-m/nofp/crt0.o (exit)
c:/users/east_/.eide/tools/gcc_arm/bin/../lib/gcc/arm-none-eabi/10.2.1/../../../../arm-none-eabi/lib/thumb/v7-m/nofp\libc_nano.a(lib_a-impure.o)
                              c:/users/east_/.eide/tools/gcc_arm/bin/../lib/gcc/arm-none-eabi/10.2.1/../../../../arm-none-eabi/lib/thumb/v7-m/nofp\libc_nano.a(lib_a-exit.o) (_global_impure_ptr)
c:/users/east_/.eide/tools/gcc_arm/bin/../lib/gcc/arm-none-eabi/10.2.1/../../../../arm-none-eabi/lib/thumb/v7-m/nofp\libc_nano.a(lib_a-init.o)
                              c:/users/east_/.eide/tools/gcc_arm/bin/../lib/gcc/arm-none-eabi/10.2.1/../../../../arm-none-eabi/lib/thumb/v7-m/nofp/crt0.o (__libc_init_array)
c:/users/east_/.eide/tools/gcc_arm/bin/../lib/gcc/arm-none-eabi/10.2.1/../../../../arm-none-eabi/lib/thumb/v7-m/nofp\libc_nano.a(lib_a-memset.o)
                              c:/users/east_/.eide/tools/gcc_arm/bin/../lib/gcc/arm-none-eabi/10.2.1/../../../../arm-none-eabi/lib/thumb/v7-m/nofp/crt0.o (memset)
c:/users/east_/.eide/tools/gcc_arm/bin/../lib/gcc/arm-none-eabi/10.2.1/../../../../arm-none-eabi/lib/thumb/v7-m/nofp\libg_nano.a(lib_a-errno.o)
                              CMakeFiles/iic.dir/Core/Src/sysmem.c.obj (__errno)

Discarded input sections

 .text          0x00000000        0x0 c:/users/east_/.eide/tools/gcc_arm/bin/../lib/gcc/arm-none-eabi/10.2.1/thumb/v7-m/nofp/crti.o
 .data          0x00000000        0x0 c:/users/east_/.eide/tools/gcc_arm/bin/../lib/gcc/arm-none-eabi/10.2.1/thumb/v7-m/nofp/crti.o
 .bss           0x00000000        0x0 c:/users/east_/.eide/tools/gcc_arm/bin/../lib/gcc/arm-none-eabi/10.2.1/thumb/v7-m/nofp/crti.o
 .data          0x00000000        0x4 c:/users/east_/.eide/tools/gcc_arm/bin/../lib/gcc/arm-none-eabi/10.2.1/thumb/v7-m/nofp/crtbegin.o
 .rodata        0x00000000       0x24 c:/users/east_/.eide/tools/gcc_arm/bin/../lib/gcc/arm-none-eabi/10.2.1/thumb/v7-m/nofp/crtbegin.o
 .text          0x00000000       0x7c c:/users/east_/.eide/tools/gcc_arm/bin/../lib/gcc/arm-none-eabi/10.2.1/../../../../arm-none-eabi/lib/thumb/v7-m/nofp/crt0.o
 .data          0x00000000        0x0 c:/users/east_/.eide/tools/gcc_arm/bin/../lib/gcc/arm-none-eabi/10.2.1/../../../../arm-none-eabi/lib/thumb/v7-m/nofp/crt0.o
 .bss           0x00000000        0x0 c:/users/east_/.eide/tools/gcc_arm/bin/../lib/gcc/arm-none-eabi/10.2.1/../../../../arm-none-eabi/lib/thumb/v7-m/nofp/crt0.o
 .ARM.extab     0x00000000        0x0 c:/users/east_/.eide/tools/gcc_arm/bin/../lib/gcc/arm-none-eabi/10.2.1/../../../../arm-none-eabi/lib/thumb/v7-m/nofp/crt0.o
 .ARM.exidx     0x00000000       0x10 c:/users/east_/.eide/tools/gcc_arm/bin/../lib/gcc/arm-none-eabi/10.2.1/../../../../arm-none-eabi/lib/thumb/v7-m/nofp/crt0.o
 .ARM.attributes
                0x00000000       0x1b c:/users/east_/.eide/tools/gcc_arm/bin/../lib/gcc/arm-none-eabi/10.2.1/../../../../arm-none-eabi/lib/thumb/v7-m/nofp/crt0.o
 .text          0x00000000        0x0 c:/users/east_/.eide/tools/gcc_arm/bin/../lib/gcc/arm-none-eabi/10.2.1/../../../../arm-none-eabi/lib/thumb/v7-m/nofp\libc_nano.a(lib_a-exit.o)
 .data          0x00000000        0x0 c:/users/east_/.eide/tools/gcc_arm/bin/../lib/gcc/arm-none-eabi/10.2.1/../../../../arm-none-eabi/lib/thumb/v7-m/nofp\libc_nano.a(lib_a-exit.o)
 .bss           0x00000000        0x0 c:/users/east_/.eide/tools/gcc_arm/bin/../lib/gcc/arm-none-eabi/10.2.1/../../../../arm-none-eabi/lib/thumb/v7-m/nofp\libc_nano.a(lib_a-exit.o)
 .text.exit     0x00000000       0x28 c:/users/east_/.eide/tools/gcc_arm/bin/../lib/gcc/arm-none-eabi/10.2.1/../../../../arm-none-eabi/lib/thumb/v7-m/nofp\libc_nano.a(lib_a-exit.o)
 .debug_frame   0x00000000       0x28 c:/users/east_/.eide/tools/gcc_arm/bin/../lib/gcc/arm-none-eabi/10.2.1/../../../../arm-none-eabi/lib/thumb/v7-m/nofp\libc_nano.a(lib_a-exit.o)
 .ARM.attributes
                0x00000000       0x2d c:/users/east_/.eide/tools/gcc_arm/bin/../lib/gcc/arm-none-eabi/10.2.1/../../../../arm-none-eabi/lib/thumb/v7-m/nofp\libc_nano.a(lib_a-exit.o)
 .text          0x00000000        0x0 c:/users/east_/.eide/tools/gcc_arm/bin/../lib/gcc/arm-none-eabi/10.2.1/../../../../arm-none-eabi/lib/thumb/v7-m/nofp\libc_nano.a(lib_a-impure.o)
 .data          0x00000000        0x0 c:/users/east_/.eide/tools/gcc_arm/bin/../lib/gcc/arm-none-eabi/10.2.1/../../../../arm-none-eabi/lib/thumb/v7-m/nofp\libc_nano.a(lib_a-impure.o)
 .bss           0x00000000        0x0 c:/users/east_/.eide/tools/gcc_arm/bin/../lib/gcc/arm-none-eabi/10.2.1/../../../../arm-none-eabi/lib/thumb/v7-m/nofp\libc_nano.a(lib_a-impure.o)
 .data._impure_ptr
[...]
Memory Configuration

Name             Origin             Length             Attributes
RAM              0x20000000         0x00005000         xrw
FLASH            0x08000000         0x00010000         xr
*default*        0x00000000         0xffffffff

Linker script and memory map

LOAD c:/users/east_/.eide/tools/gcc_arm/bin/../lib/gcc/arm-none-eabi/10.2.1/thumb/v7-m/nofp/crti.o
LOAD c:/users/east_/.eide/tools/gcc_arm/bin/../lib/gcc/arm-none-eabi/10.2.1/thumb/v7-m/nofp/crtbegin.o
LOAD c:/users/east_/.eide/tools/gcc_arm/bin/../lib/gcc/arm-none-eabi/10.2.1/../../../../arm-none-eabi/lib/thumb/v7-m/nofp/crt0.o
START GROUP
LOAD c:/users/east_/.eide/tools/gcc_arm/bin/../lib/gcc/arm-none-eabi/10.2.1/../../../../arm-none-eabi/lib/thumb/v7-m/nofp\libc_nano.a
LOAD c:/users/east_/.eide/tools/gcc_arm/bin/../lib/gcc/arm-none-eabi/10.2.1/../../../../arm-none-eabi/lib/thumb/v7-m/nofp\libm.a
END GROUP
LOAD CMakeFiles/iic.dir/Core/Src/main.c.obj
LOAD CMakeFiles/iic.dir/Core/Src/gpio.c.obj
LOAD CMakeFiles/iic.dir/Core/Src/i2c.c.obj
LOAD CMakeFiles/iic.dir/Core/Src/usart.c.obj
LOAD CMakeFiles/iic.dir/Core/Src/stm32f1xx_it.c.obj
LOAD CMakeFiles/iic.dir/Core/Src/stm32f1xx_hal_msp.c.obj
LOAD CMakeFiles/iic.dir/Drivers/STM32F1xx_HAL_Driver/Src/stm32f1xx_hal_gpio_ex.c.obj
LOAD CMakeFiles/iic.dir/Drivers/STM32F1xx_HAL_Driver/Src/stm32f1xx_hal_i2c.c.obj
LOAD CMakeFiles/iic.dir/Drivers/STM32F1xx_HAL_Driver/Src/stm32f1xx_hal.c.obj
LOAD CMakeFiles/iic.dir/Drivers/STM32F1xx_HAL_Driver/Src/stm32f1xx_hal_rcc.c.obj
LOAD CMakeFiles/iic.dir/Drivers/STM32F1xx_HAL_Driver/Src/stm32f1xx_hal_rcc_ex.c.obj
LOAD CMakeFiles/iic.dir/Drivers/STM32F1xx_HAL_Driver/Src/stm32f1xx_hal_gpio.c.obj
LOAD CMakeFiles/iic.dir/Drivers/STM32F1xx_HAL_Driver/Src/stm32f1xx_hal_dma.c.obj
LOAD CMakeFiles/iic.dir/Drivers/STM32F1xx_HAL_Driver/Src/stm32f1xx_hal_cortex.c.obj
LOAD CMakeFiles/iic.dir/Drivers/STM32F1xx_HAL_Driver/Src/stm32f1xx_hal_pwr.c.obj
LOAD CMakeFiles/iic.dir/Drivers/STM32F1xx_HAL_Driver/Src/stm32f1xx_hal_flash.c.obj
LOAD CMakeFiles/iic.dir/Drivers/STM32F1xx_HAL_Driver/Src/stm32f1xx_hal_flash_ex.c.obj
LOAD CMakeFiles/iic.dir/Drivers/STM32F1xx_HAL_Driver/Src/stm32f1xx_hal_exti.c.obj
LOAD CMakeFiles/iic.dir/Drivers/STM32F1xx_HAL_Driver/Src/stm32f1xx_hal_tim.c.obj
LOAD CMakeFiles/iic.dir/Drivers/STM32F1xx_HAL_Driver/Src/stm32f1xx_hal_tim_ex.c.obj
LOAD CMakeFiles/iic.dir/Drivers/STM32F1xx_HAL_Driver/Src/stm32f1xx_hal_uart.c.obj
LOAD CMakeFiles/iic.dir/Core/Src/system_stm32f1xx.c.obj
LOAD CMakeFiles/iic.dir/Core/Src/sysmem.c.obj
LOAD CMakeFiles/iic.dir/Core/Src/syscalls.c.obj
LOAD CMakeFiles/iic.dir/startup_stm32f103xb.s.obj
START GROUP
LOAD c:/users/east_/.eide/tools/gcc_arm/bin/../lib/gcc/arm-none-eabi/10.2.1/thumb/v7-m/nofp\libgcc.a
LOAD c:/users/east_/.eide/tools/gcc_arm/bin/../lib/gcc/arm-none-eabi/10.2.1/../../../../arm-none-eabi/lib/thumb/v7-m/nofp\libg_nano.a
LOAD c:/users/east_/.eide/tools/gcc_arm/bin/../lib/gcc/arm-none-eabi/10.2.1/../../../../arm-none-eabi/lib/thumb/v7-m/nofp\libc_nano.a
END GROUP
START GROUP
LOAD c:/users/east_/.eide/tools/gcc_arm/bin/../lib/gcc/arm-none-eabi/10.2.1/thumb/v7-m/nofp\libgcc.a
LOAD c:/users/east_/.eide/tools/gcc_arm/bin/../lib/gcc/arm-none-eabi/10.2.1/../../../../arm-none-eabi/lib/thumb/v7-m/nofp\libc_nano.a
END GROUP
LOAD c:/users/east_/.eide/tools/gcc_arm/bin/../lib/gcc/arm-none-eabi/10.2.1/thumb/v7-m/nofp/crtend.o
LOAD c:/users/east_/.eide/tools/gcc_arm/bin/../lib/gcc/arm-none-eabi/10.2.1/thumb/v7-m/nofp/crtn.o
                0x20005000                _estack = (ORIGIN (RAM) + LENGTH (RAM))
                0x00000200                _Min_Heap_Size = 0x200
                0x00000400                _Min_Stack_Size = 0x400

.isr_vector     0x08000000      0x10c
                0x08000000                . = ALIGN (0x4)
 *(.isr_vector)
 .isr_vector    0x08000000      0x10c CMakeFiles/iic.dir/startup_stm32f103xb.s.obj
                0x08000000                g_pfnVectors
                0x0800010c                . = ALIGN (0x4)

.text           0x0800010c     0x1654
                0x0800010c                . = ALIGN (0x4)
 *(.text)
 .text          0x0800010c       0x40 c:/users/east_/.eide/tools/gcc_arm/bin/../lib/gcc/arm-none-eabi/10.2.1/thumb/v7-m/nofp/crtbegin.o
 *(.text*)
 .text.__libc_init_array
                0x0800014c       0x48 c:/users/east_/.eide/tools/gcc_arm/bin/../lib/gcc/arm-none-eabi/10.2.1/../../../../arm-none-eabi/lib/thumb/v7-m/nofp\libc_nano.a(lib_a-init.o)
                0x0800014c                __libc_init_array
 .text.memset   0x08000194       0x10 c:/users/east_/.eide/tools/gcc_arm/bin/../lib/gcc/arm-none-eabi/10.2.1/../../../../arm-none-eabi/lib/thumb/v7-m/nofp\libc_nano.a(lib_a-memset.o)
                0x08000194                memset
 .text.main     0x080001a4       0x1a CMakeFiles/iic.dir/Core/Src/main.c.obj
                0x080001a4                main
 .text.SystemClock_Config
                0x080001be       0x76 CMakeFiles/iic.dir/Core/Src/main.c.obj
                0x080001be                SystemClock_Config
 .text.Error_Handler
                0x08000234        0xa CMakeFiles/iic.dir/Core/Src/main.c.obj
                0x08000234                Error_Handler
 *fill*         0x0800023e        0x2 
 .text.MX_GPIO_Init
                0x08000240       0x44 CMakeFiles/iic.dir/Core/Src/gpio.c.obj
                0x08000240                MX_GPIO_Init
 .text.MX_I2C1_Init
                0x08000284       0x5c CMakeFiles/iic.dir/Core/Src/i2c.c.obj
                0x08000284                MX_I2C1_Init
 .text.HAL_I2C_MspInit
                0x080002e0       0x7c CMakeFiles/iic.dir/Core/Src/i2c.c.obj
                0x080002e0                HAL_I2C_MspInit
 .text.MX_USART2_UART_Init
                0x0800035c       0x54 CMakeFiles/iic.dir/Core/Src/usart.c.obj
                0x0800035c                MX_USART2_UART_Init
 .text.HAL_UART_MspInit
                0x080003b0       0x94 CMakeFiles/iic.dir/Core/Src/usart.c.obj
                0x080003b0                HAL_UART_MspInit
 .text.NMI_Handler
                0x08000444        0x6 CMakeFiles/iic.dir/Core/Src/stm32f1xx_it.c.obj
                0x08000444                NMI_Handler
 .text.HardFault_Handler
                0x0800044a        0x6 CMakeFiles/iic.dir/Core/Src/stm32f1xx_it.c.obj
                0x0800044a                HardFault_Handler
 .text.MemManage_Handler
                0x08000450        0x6 CMakeFiles/iic.dir/Core/Src/stm32f1xx_it.c.obj
                0x08000450                MemManage_Handler
 .text.BusFault_Handler
                0x08000456        0x6 CMakeFiles/iic.dir/Core/Src/stm32f1xx_it.c.obj
                0x08000456                BusFault_Handler
 .text.UsageFault_Handler
                0x0800045c        0x6 CMakeFiles/iic.dir/Core/Src/stm32f1xx_it.c.obj
                0x0800045c                UsageFault_Handler
 .text.SVC_Handler
                0x08000462        0xc CMakeFiles/iic.dir/Core/Src/stm32f1xx_it.c.obj
                0x08000462                SVC_Handler
 .text.DebugMon_Handler
                0x0800046e        0xc CMakeFiles/iic.dir/Core/Src/stm32f1xx_it.c.obj
                0x0800046e                DebugMon_Handler
 .text.PendSV_Handler
                0x0800047a        0xc CMakeFiles/iic.dir/Core/Src/stm32f1xx_it.c.obj
                0x0800047a                PendSV_Handler
 .text.SysTick_Handler
                0x08000486        0xc CMakeFiles/iic.dir/Core/Src/stm32f1xx_it.c.obj
                0x08000486                SysTick_Handler
 *fill*         0x08000492        0x2 
 .text.HAL_MspInit
                0x08000494       0x64 CMakeFiles/iic.dir/Core/Src/stm32f1xx_hal_msp.c.obj
                0x08000494                HAL_MspInit
 .text.HAL_I2C_Init
                0x080004f8      0x288 CMakeFiles/iic.dir/Drivers/STM32F1xx_HAL_Driver/Src/stm32f1xx_hal_i2c.c.obj
                0x080004f8                HAL_I2C_Init
 .text.HAL_Init
                0x08000780       0x2c CMakeFiles/iic.dir/Drivers/STM32F1xx_HAL_Driver/Src/stm32f1xx_hal.c.obj
                0x08000780                HAL_Init
 .text.HAL_InitTick
                0x080007ac       0x60 CMakeFiles/iic.dir/Drivers/STM32F1xx_HAL_Driver/Src/stm32f1xx_hal.c.obj
                0x080007ac                HAL_InitTick
 .text.HAL_IncTick
                0x0800080c       0x24 CMakeFiles/iic.dir/Drivers/STM32F1xx_HAL_Driver/Src/stm32f1xx_hal.c.obj
                0x0800080c                HAL_IncTick
 .text.HAL_GetTick
                0x08000830       0x14 CMakeFiles/iic.dir/Drivers/STM32F1xx_HAL_Driver/Src/stm32f1xx_hal.c.obj
                0x08000830                HAL_GetTick
 .text.HAL_RCC_OscConfig
                0x08000844      0x504 CMakeFiles/iic.dir/Drivers/STM32F1xx_HAL_Driver/Src/stm32f1xx_hal_rcc.c.obj
                0x08000844                HAL_RCC_OscConfig
 .text.HAL_RCC_ClockConfig
                0x08000d48      0x1d4 CMakeFiles/iic.dir/Drivers/STM32F1xx_HAL_Driver/Src/stm32f1xx_hal_rcc.c.obj
                0x08000d48                HAL_RCC_ClockConfig
 .text.HAL_RCC_GetSysClockFreq
                0x08000f1c       0xa8 CMakeFiles/iic.dir/Drivers/STM32F1xx_HAL_Driver/Src/stm32f1xx_hal_rcc.c.obj
                0x08000f1c                HAL_RCC_GetSysClockFreq
 .text.HAL_RCC_GetHCLKFreq
                0x08000fc4       0x14 CMakeFiles/iic.dir/Drivers/STM32F1xx_HAL_Driver/Src/stm32f1xx_hal_rcc.c.obj
                0x08000fc4                HAL_RCC_GetHCLKFreq
 .text.HAL_RCC_GetPCLK1Freq
                0x08000fd8       0x28 CMakeFiles/iic.dir/Drivers/STM32F1xx_HAL_Driver/Src/stm32f1xx_hal_rcc.c.obj
                0x08000fd8                HAL_RCC_GetPCLK1Freq
 .text.HAL_RCC_GetPCLK2Freq
                0x08001000       0x28 CMakeFiles/iic.dir/Drivers/STM32F1xx_HAL_Driver/Src/stm32f1xx_hal_rcc.c.obj
                0x08001000                HAL_RCC_GetPCLK2Freq
 .text.RCC_Delay
                0x08001028       0x3c CMakeFiles/iic.dir/Drivers/STM32F1xx_HAL_Driver/Src/stm32f1xx_hal_rcc.c.obj
 .text.HAL_GPIO_Init
                0x08001064      0x308 CMakeFiles/iic.dir/Drivers/STM32F1xx_HAL_Driver/Src/stm32f1xx_hal_gpio.c.obj
                0x08001064                HAL_GPIO_Init
 .text.__NVIC_SetPriorityGrouping
                0x0800136c       0x48 CMakeFiles/iic.dir/Drivers/STM32F1xx_HAL_Driver/Src/stm32f1xx_hal_cortex.c.obj
 .text.__NVIC_GetPriorityGrouping
                0x080013b4       0x1c CMakeFiles/iic.dir/Drivers/STM32F1xx_HAL_Driver/Src/stm32f1xx_hal_cortex.c.obj
 .text.__NVIC_SetPriority
                0x080013d0       0x54 CMakeFiles/iic.dir/Drivers/STM32F1xx_HAL_Driver/Src/stm32f1xx_hal_cortex.c.obj
 .text.NVIC_EncodePriority
                0x08001424       0x64 CMakeFiles/iic.dir/Drivers/STM32F1xx_HAL_Driver/Src/stm32f1xx_hal_cortex.c.obj
 .text.SysTick_Config
                0x08001488       0x44 CMakeFiles/iic.dir/Drivers/STM32F1xx_HAL_Driver/Src/stm32f1xx_hal_cortex.c.obj
 .text.HAL_NVIC_SetPriorityGrouping
                0x080014cc       0x16 CMakeFiles/iic.dir/Drivers/STM32F1xx_HAL_Driver/Src/stm32f1xx_hal_cortex.c.obj
                0x080014cc                HAL_NVIC_SetPriorityGrouping
 .text.HAL_NVIC_SetPriority
                0x080014e2       0x38 CMakeFiles/iic.dir/Drivers/STM32F1xx_HAL_Driver/Src/stm32f1xx_hal_cortex.c.obj
                0x080014e2                HAL_NVIC_SetPriority
 .text.HAL_SYSTICK_Config
                0x0800151a       0x18 CMakeFiles/iic.dir/Drivers/STM32F1xx_HAL_Driver/Src/stm32f1xx_hal_cortex.c.obj
                0x0800151a                HAL_SYSTICK_Config
 .text.HAL_UART_Init
                0x08001532       0xa0 CMakeFiles/iic.dir/Drivers/STM32F1xx_HAL_Driver/Src/stm32f1xx_hal_uart.c.obj
                0x08001532                HAL_UART_Init
 *fill*         0x080015d2        0x2 
 .text.UART_SetConfig
                0x080015d4      0x11c CMakeFiles/iic.dir/Drivers/STM32F1xx_HAL_Driver/Src/stm32f1xx_hal_uart.c.obj
 .text.SystemInit
                0x080016f0        0xc CMakeFiles/iic.dir/Core/Src/system_stm32f1xx.c.obj
                0x080016f0                SystemInit
 .text.Reset_Handler
                0x080016fc       0x48 CMakeFiles/iic.dir/startup_stm32f103xb.s.obj
                0x080016fc                Reset_Handler
 .text.Default_Handler
                0x08001744        0x2 CMakeFiles/iic.dir/startup_stm32f103xb.s.obj
                0x08001744                RTC_Alarm_IRQHandler
                0x08001744                EXTI2_IRQHandler
                0x08001744                TIM1_CC_IRQHandler
                0x08001744                PVD_IRQHandler
                0x08001744                EXTI3_IRQHandler
                0x08001744                EXTI0_IRQHandler
                0x08001744                I2C2_EV_IRQHandler
                0x08001744                ADC1_2_IRQHandler
                0x08001744                SPI1_IRQHandler
                0x08001744                TAMPER_IRQHandler
                0x08001744                DMA1_Channel4_IRQHandler
                0x08001744                USART3_IRQHandler
                0x08001744                RTC_IRQHandler
                0x08001744                DMA1_Channel7_IRQHandler
                0x08001744                CAN1_RX1_IRQHandler
                0x08001744                TIM4_IRQHandler
                0x08001744                I2C1_EV_IRQHandler
                0x08001744                DMA1_Channel6_IRQHandler
                0x08001744                TIM3_IRQHandler
                0x08001744                RCC_IRQHandler
                0x08001744                TIM1_TRG_COM_IRQHandler
                0x08001744                DMA1_Channel1_IRQHandler
                0x08001744                Default_Handler
                0x08001744                EXTI15_10_IRQHandler
                0x08001744                EXTI9_5_IRQHandler
                0x08001744                SPI2_IRQHandler
                0x08001744                DMA1_Channel5_IRQHandler
                0x08001744                EXTI4_IRQHandler
                0x08001744                USB_LP_CAN1_RX0_IRQHandler
                0x08001744                USB_HP_CAN1_TX_IRQHandler
                0x08001744                DMA1_Channel3_IRQHandler
                0x08001744                TIM1_UP_IRQHandler
                0x08001744                WWDG_IRQHandler
                0x08001744                TIM2_IRQHandler
                0x08001744                TIM1_BRK_IRQHandler
                0x08001744                EXTI1_IRQHandler
                0x08001744                USART2_IRQHandler
                0x08001744                I2C2_ER_IRQHandler
                0x08001744                DMA1_Channel2_IRQHandler
                0x08001744                CAN1_SCE_IRQHandler
                0x08001744                FLASH_IRQHandler
                0x08001744                USART1_IRQHandler
                0x08001744                I2C1_ER_IRQHandler
                0x08001744                USBWakeUp_IRQHandler
 *(.glue_7)
 .glue_7        0x08001746        0x0 linker stubs
 *(.glue_7t)
 .glue_7t       0x08001746        0x0 linker stubs
 *(.eh_frame)
 *fill*         0x08001746        0x2 
 .eh_frame      0x08001748        0x0 c:/users/east_/.eide/tools/gcc_arm/bin/../lib/gcc/arm-none-eabi/10.2.1/thumb/v7-m/nofp/crtbegin.o
 *(.init)
 .init          0x08001748        0x4 c:/users/east_/.eide/tools/gcc_arm/bin/../lib/gcc/arm-none-eabi/10.2.1/thumb/v7-m/nofp/crti.o
                0x08001748                _init
 .init          0x0800174c        0x8 c:/users/east_/.eide/tools/gcc_arm/bin/../lib/gcc/arm-none-eabi/10.2.1/thumb/v7-m/nofp/crtn.o
 *(.fini)
 .fini          0x08001754        0x4 c:/users/east_/.eide/tools/gcc_arm/bin/../lib/gcc/arm-none-eabi/10.2.1/thumb/v7-m/nofp/crti.o
                0x08001754                _fini
 .fini          0x08001758        0x8 c:/users/east_/.eide/tools/gcc_arm/bin/../lib/gcc/arm-none-eabi/10.2.1/thumb/v7-m/nofp/crtn.o
                0x08001760                . = ALIGN (0x4)
                0x08001760                _etext = .

.vfp11_veneer   0x08001760        0x0
 .vfp11_veneer  0x08001760        0x0 linker stubs

.v4_bx          0x08001760        0x0
 .v4_bx         0x08001760        0x0 linker stubs

.iplt           0x08001760        0x0
 .iplt          0x08001760        0x0 c:/users/east_/.eide/tools/gcc_arm/bin/../lib/gcc/arm-none-eabi/10.2.1/thumb/v7-m/nofp/crtbegin.o

.rodata         0x08001760       0x2c
                0x08001760                . = ALIGN (0x4)
 *(.rodata)
 *(.rodata*)
 .rodata.aPLLMULFactorTable.1
                0x08001760       0x10 CMakeFiles/iic.dir/Drivers/STM32F1xx_HAL_Driver/Src/stm32f1xx_hal_rcc.c.obj
 .rodata.aPredivFactorTable.0
                0x08001770        0x2 CMakeFiles/iic.dir/Drivers/STM32F1xx_HAL_Driver/Src/stm32f1xx_hal_rcc.c.obj
 *fill*         0x08001772        0x2 
 .rodata.AHBPrescTable
                0x08001774       0x10 CMakeFiles/iic.dir/Core/Src/system_stm32f1xx.c.obj
                0x08001774                AHBPrescTable
 .rodata.APBPrescTable
                0x08001784        0x8 CMakeFiles/iic.dir/Core/Src/system_stm32f1xx.c.obj
                0x08001784                APBPrescTable
                0x0800178c                . = ALIGN (0x4)

.rel.dyn        0x0800178c        0x0
 .rel.iplt      0x0800178c        0x0 c:/users/east_/.eide/tools/gcc_arm/bin/../lib/gcc/arm-none-eabi/10.2.1/thumb/v7-m/nofp/crtbegin.o

.ARM.extab
 *(.ARM.extab* .gnu.linkonce.armextab.*)

.ARM            0x0800178c        0x0
                0x0800178c                __exidx_start = .
 *(.ARM.exidx*)
                0x0800178c                __exidx_end = .

.preinit_array  0x0800178c        0x0
                0x0800178c                PROVIDE (__preinit_array_start = .)
 *(.preinit_array*)
                0x0800178c                PROVIDE (__preinit_array_end = .)

.init_array     0x0800178c        0x4
                0x0800178c                PROVIDE (__init_array_start = .)
 *(SORT_BY_NAME(.init_array.*))
 *(.init_array*)
 .init_array    0x0800178c        0x4 c:/users/east_/.eide/tools/gcc_arm/bin/../lib/gcc/arm-none-eabi/10.2.1/thumb/v7-m/nofp/crtbegin.o
                0x08001790                PROVIDE (__init_array_end = .)

.fini_array     0x08001790        0x4
                [!provide]                PROVIDE (__fini_array_start = .)
 *(SORT_BY_NAME(.fini_array.*))
 *(.fini_array*)
 .fini_array    0x08001790        0x4 c:/users/east_/.eide/tools/gcc_arm/bin/../lib/gcc/arm-none-eabi/10.2.1/thumb/v7-m/nofp/crtbegin.o
                [!provide]                PROVIDE (__fini_array_end = .)
                0x08001794                _sidata = LOADADDR (.data)

.data           0x20000000        0xc load address 0x08001794
                0x20000000                . = ALIGN (0x4)
                0x20000000                _sdata = .
 *(.data)
 *(.data*)
 .data.uwTickPrio
                0x20000000        0x4 CMakeFiles/iic.dir/Drivers/STM32F1xx_HAL_Driver/Src/stm32f1xx_hal.c.obj
                0x20000000                uwTickPrio
 .data.uwTickFreq
                0x20000004        0x1 CMakeFiles/iic.dir/Drivers/STM32F1xx_HAL_Driver/Src/stm32f1xx_hal.c.obj
                0x20000004                uwTickFreq
 *fill*         0x20000005        0x3 
 .data.SystemCoreClock
                0x20000008        0x4 CMakeFiles/iic.dir/Core/Src/system_stm32f1xx.c.obj
                0x20000008                SystemCoreClock
                0x2000000c                . = ALIGN (0x4)
                0x2000000c                _edata = .

.igot.plt       0x2000000c        0x0 load address 0x080017a0
 .igot.plt      0x2000000c        0x0 c:/users/east_/.eide/tools/gcc_arm/bin/../lib/gcc/arm-none-eabi/10.2.1/thumb/v7-m/nofp/crtbegin.o
                0x2000000c                . = ALIGN (0x4)

.bss            0x2000000c       0xbc load address 0x080017a0
                0x2000000c                _sbss = .
                0x2000000c                __bss_start__ = _sbss
 *(.bss)
 .bss           0x2000000c       0x1c c:/users/east_/.eide/tools/gcc_arm/bin/../lib/gcc/arm-none-eabi/10.2.1/thumb/v7-m/nofp/crtbegin.o
 *(.bss*)
 .bss.hi2c1     0x20000028       0x54 CMakeFiles/iic.dir/Core/Src/i2c.c.obj
                0x20000028                hi2c1
 .bss.huart2    0x2000007c       0x48 CMakeFiles/iic.dir/Core/Src/usart.c.obj
                0x2000007c                huart2
 .bss.uwTick    0x200000c4        0x4 CMakeFiles/iic.dir/Drivers/STM32F1xx_HAL_Driver/Src/stm32f1xx_hal.c.obj
                0x200000c4                uwTick
 *(COMMON)
                0x200000c8                . = ALIGN (0x4)
                0x200000c8                _ebss = .
                0x200000c8                __bss_end__ = _ebss

._user_heap_stack
                0x200000c8      0x600 load address 0x080017a0
                0x200000c8                . = ALIGN (0x8)
                [!provide]                PROVIDE (end = .)
                0x200000c8                PROVIDE (_end = .)
                0x200002c8                . = (. + _Min_Heap_Size)
 *fill*         0x200000c8      0x200 
                0x200006c8                . = (. + _Min_Stack_Size)
 *fill*         0x200002c8      0x400 
                0x200006c8                . = ALIGN (0x8)

/DISCARD/
 libc.a(*)
 libm.a(*)
 libgcc.a(*)

.ARM.attributes
                0x00000000       0x29
 *(.ARM.attributes)
 .ARM.attributes
                0x00000000       0x1d c:/users/east_/.eide/tools/gcc_arm/bin/../lib/gcc/arm-none-eabi/10.2.1/thumb/v7-m/nofp/crti.o
 .ARM.attributes
                0x0000001d       0x2d c:/users/east_/.eide/tools/gcc_arm/bin/../lib/gcc/arm-none-eabi/10.2.1/thumb/v7-m/nofp/crtbegin.o
 .ARM.attributes
                0x0000004a       0x2d c:/users/east_/.eide/tools/gcc_arm/bin/../lib/gcc/arm-none-eabi/10.2.1/../../../../arm-none-eabi/lib/thumb/v7-m/nofp\libc_nano.a(lib_a-init.o)
 .ARM.attributes
                0x00000077       0x2d c:/users/east_/.eide/tools/gcc_arm/bin/../lib/gcc/arm-none-eabi/10.2.1/../../../../arm-none-eabi/lib/thumb/v7-m/nofp\libc_nano.a(lib_a-memset.o)
 .ARM.attributes
                0x000000a4       0x2d CMakeFiles/iic.dir/Core/Src/main.c.obj
 .ARM.attributes
                0x000000d1       0x2d CMakeFiles/iic.dir/Core/Src/gpio.c.obj
 .ARM.attributes
                0x000000fe       0x2d CMakeFiles/iic.dir/Core/Src/i2c.c.obj
 .ARM.attributes
                0x0000012b       0x2d CMakeFiles/iic.dir/Core/Src/usart.c.obj
 .ARM.attributes
                0x00000158       0x2d CMakeFiles/iic.dir/Core/Src/stm32f1xx_it.c.obj
 .ARM.attributes
                0x00000185       0x2d CMakeFiles/iic.dir/Core/Src/stm32f1xx_hal_msp.c.obj
 .ARM.attributes
                0x000001b2       0x2d CMakeFiles/iic.dir/Drivers/STM32F1xx_HAL_Driver/Src/stm32f1xx_hal_i2c.c.obj
 .ARM.attributes
                0x000001df       0x2d CMakeFiles/iic.dir/Drivers/STM32F1xx_HAL_Driver/Src/stm32f1xx_hal.c.obj
 .ARM.attributes
                0x0000020c       0x2d CMakeFiles/iic.dir/Drivers/STM32F1xx_HAL_Driver/Src/stm32f1xx_hal_rcc.c.obj
 .ARM.attributes
                0x00000239       0x2d CMakeFiles/iic.dir/Drivers/STM32F1xx_HAL_Driver/Src/stm32f1xx_hal_gpio.c.obj
 .ARM.attributes
                0x00000266       0x2d CMakeFiles/iic.dir/Drivers/STM32F1xx_HAL_Driver/Src/stm32f1xx_hal_cortex.c.obj
 .ARM.attributes
                0x00000293       0x2d CMakeFiles/iic.dir/Drivers/STM32F1xx_HAL_Driver/Src/stm32f1xx_hal_uart.c.obj
 .ARM.attributes
                0x000002c0       0x2d CMakeFiles/iic.dir/Core/Src/system_stm32f1xx.c.obj
 .ARM.attributes
                0x000002ed       0x21 CMakeFiles/iic.dir/startup_stm32f103xb.s.obj
 .ARM.attributes
                0x0000030e       0x1d c:/users/east_/.eide/tools/gcc_arm/bin/../lib/gcc/arm-none-eabi/10.2.1/thumb/v7-m/nofp/crtn.o
OUTPUT(iic.elf elf32-littlearm)
LOAD linker stubs
LOAD c:/users/east_/.eide/tools/gcc_arm/bin/../lib/gcc/arm-none-eabi/10.2.1/../../../../arm-none-eabi/lib/thumb/v7-m/nofp\libc.a
LOAD c:/users/east_/.eide/tools/gcc_arm/bin/../lib/gcc/arm-none-eabi/10.2.1/../../../../arm-none-eabi/lib/thumb/v7-m/nofp\libm.a
LOAD c:/users/east_/.eide/tools/gcc_arm/bin/../lib/gcc/arm-none-eabi/10.2.1/thumb/v7-m/nofp\libgcc.a

.debug_frame    0x00000000     0x23f0
 .debug_frame   0x00000000       0x2c c:/users/east_/.eide/tools/gcc_arm/bin/../lib/gcc/arm-none-eabi/10.2.1/../../../../arm-none-eabi/lib/thumb/v7-m/nofp\libc_nano.a(lib_a-init.o)
 .debug_frame   0x0000002c       0x20 c:/users/east_/.eide/tools/gcc_arm/bin/../lib/gcc/arm-none-eabi/10.2.1/../../../../arm-none-eabi/lib/thumb/v7-m/nofp\libc_nano.a(lib_a-memset.o)
 .debug_frame   0x0000004c       0x68 CMakeFiles/iic.dir/Core/Src/main.c.obj
 .debug_frame   0x000000b4       0x38 CMakeFiles/iic.dir/Core/Src/gpio.c.obj
 .debug_frame   0x000000ec       0x74 CMakeFiles/iic.dir/Core/Src/i2c.c.obj
 .debug_frame   0x00000160       0x74 CMakeFiles/iic.dir/Core/Src/usart.c.obj
 .debug_frame   0x000001d4      0x104 CMakeFiles/iic.dir/Core/Src/stm32f1xx_it.c.obj
 .debug_frame   0x000002d8       0x38 CMakeFiles/iic.dir/Core/Src/stm32f1xx_hal_msp.c.obj
 .debug_frame   0x00000310      0xc84 CMakeFiles/iic.dir/Drivers/STM32F1xx_HAL_Driver/Src/stm32f1xx_hal_i2c.c.obj
 .debug_frame   0x00000f94      0x334 CMakeFiles/iic.dir/Drivers/STM32F1xx_HAL_Driver/Src/stm32f1xx_hal.c.obj
 .debug_frame   0x000012c8      0x218 CMakeFiles/iic.dir/Drivers/STM32F1xx_HAL_Driver/Src/stm32f1xx_hal_rcc.c.obj
 .debug_frame   0x000014e0      0x14c CMakeFiles/iic.dir/Drivers/STM32F1xx_HAL_Driver/Src/stm32f1xx_hal_gpio.c.obj
 .debug_frame   0x0000162c      0x428 CMakeFiles/iic.dir/Drivers/STM32F1xx_HAL_Driver/Src/stm32f1xx_hal_cortex.c.obj
 .debug_frame   0x00001a54      0x944 CMakeFiles/iic.dir/Drivers/STM32F1xx_HAL_Driver/Src/stm32f1xx_hal_uart.c.obj
 .debug_frame   0x00002398       0x58 CMakeFiles/iic.dir/Core/Src/system_stm32f1xx.c.obj

.debug_info     0x00000000     0x908a
 .debug_info    0x00000000      0x245 CMakeFiles/iic.dir/Core/Src/main.c.obj
 .debug_info    0x00000245      0x180 CMakeFiles/iic.dir/Core/Src/gpio.c.obj
 .debug_info    0x000003c5      0x7fb CMakeFiles/iic.dir/Core/Src/i2c.c.obj
 .debug_info    0x00000bc0      0x7ab CMakeFiles/iic.dir/Core/Src/usart.c.obj
 .debug_info    0x0000136b      0x119 CMakeFiles/iic.dir/Core/Src/stm32f1xx_it.c.obj
 .debug_info    0x00001484      0x210 CMakeFiles/iic.dir/Core/Src/stm32f1xx_hal_msp.c.obj
 .debug_info    0x00001694     0x2703 CMakeFiles/iic.dir/Drivers/STM32F1xx_HAL_Driver/Src/stm32f1xx_hal_i2c.c.obj
 .debug_info    0x00003d97      0x6e1 CMakeFiles/iic.dir/Drivers/STM32F1xx_HAL_Driver/Src/stm32f1xx_hal.c.obj
 .debug_info    0x00004478      0x81e CMakeFiles/iic.dir/Drivers/STM32F1xx_HAL_Driver/Src/stm32f1xx_hal_rcc.c.obj
 .debug_info    0x00004c96      0x615 CMakeFiles/iic.dir/Drivers/STM32F1xx_HAL_Driver/Src/stm32f1xx_hal_gpio.c.obj
 .debug_info    0x000052ab      0xb20 CMakeFiles/iic.dir/Drivers/STM32F1xx_HAL_Driver/Src/stm32f1xx_hal_cortex.c.obj
 .debug_info    0x00005dcb     0x3060 CMakeFiles/iic.dir/Drivers/STM32F1xx_HAL_Driver/Src/stm32f1xx_hal_uart.c.obj
 .debug_info    0x00008e2b      0x23d CMakeFiles/iic.dir/Core/Src/system_stm32f1xx.c.obj
 .debug_info    0x00009068       0x22 CMakeFiles/iic.dir/startup_stm32f103xb.s.obj

.debug_abbrev   0x00000000     0x1567
 .debug_abbrev  0x00000000      0x11f CMakeFiles/iic.dir/Core/Src/main.c.obj
 .debug_abbrev  0x0000011f       0xc2 CMakeFiles/iic.dir/Core/Src/gpio.c.obj
 .debug_abbrev  0x000001e1      0x18f CMakeFiles/iic.dir/Core/Src/i2c.c.obj
 .debug_abbrev  0x00000370      0x196 CMakeFiles/iic.dir/Core/Src/usart.c.obj
 .debug_abbrev  0x00000506       0x61 CMakeFiles/iic.dir/Core/Src/stm32f1xx_it.c.obj
 .debug_abbrev  0x00000567       0xd4 CMakeFiles/iic.dir/Core/Src/stm32f1xx_hal_msp.c.obj
 .debug_abbrev  0x0000063b      0x25c CMakeFiles/iic.dir/Drivers/STM32F1xx_HAL_Driver/Src/stm32f1xx_hal_i2c.c.obj
 .debug_abbrev  0x00000897      0x1c8 CMakeFiles/iic.dir/Drivers/STM32F1xx_HAL_Driver/Src/stm32f1xx_hal.c.obj
 .debug_abbrev  0x00000a5f      0x260 CMakeFiles/iic.dir/Drivers/STM32F1xx_HAL_Driver/Src/stm32f1xx_hal_rcc.c.obj
 .debug_abbrev  0x00000cbf      0x1bb CMakeFiles/iic.dir/Drivers/STM32F1xx_HAL_Driver/Src/stm32f1xx_hal_gpio.c.obj
 .debug_abbrev  0x00000e7a      0x2ed CMakeFiles/iic.dir/Drivers/STM32F1xx_HAL_Driver/Src/stm32f1xx_hal_cortex.c.obj
 .debug_abbrev  0x00001167      0x2b3 CMakeFiles/iic.dir/Drivers/STM32F1xx_HAL_Driver/Src/stm32f1xx_hal_uart.c.obj
 .debug_abbrev  0x0000141a      0x13b CMakeFiles/iic.dir/Core/Src/system_stm32f1xx.c.obj
 .debug_abbrev  0x00001555       0x12 CMakeFiles/iic.dir/startup_stm32f103xb.s.obj

.debug_aranges  0x00000000      0x8f8
 .debug_aranges
                0x00000000       0x30 CMakeFiles/iic.dir/Core/Src/main.c.obj
 .debug_aranges
                0x00000030       0x20 CMakeFiles/iic.dir/Core/Src/gpio.c.obj
 .debug_aranges
                0x00000050       0x30 CMakeFiles/iic.dir/Core/Src/i2c.c.obj
 .debug_aranges
                0x00000080       0x30 CMakeFiles/iic.dir/Core/Src/usart.c.obj
 .debug_aranges
                0x000000b0       0x60 CMakeFiles/iic.dir/Core/Src/stm32f1xx_it.c.obj
 .debug_aranges
                0x00000110       0x20 CMakeFiles/iic.dir/Core/Src/stm32f1xx_hal_msp.c.obj
 .debug_aranges
                0x00000130      0x2a8 CMakeFiles/iic.dir/Drivers/STM32F1xx_HAL_Driver/Src/stm32f1xx_hal_i2c.c.obj
 .debug_aranges
                0x000003d8       0xe0 CMakeFiles/iic.dir/Drivers/STM32F1xx_HAL_Driver/Src/stm32f1xx_hal.c.obj
 .debug_aranges
                0x000004b8       0x90 CMakeFiles/iic.dir/Drivers/STM32F1xx_HAL_Driver/Src/stm32f1xx_hal_rcc.c.obj
 .debug_aranges
                0x00000548       0x58 CMakeFiles/iic.dir/Drivers/STM32F1xx_HAL_Driver/Src/stm32f1xx_hal_gpio.c.obj
 .debug_aranges
                0x000005a0      0x100 CMakeFiles/iic.dir/Drivers/STM32F1xx_HAL_Driver/Src/stm32f1xx_hal_cortex.c.obj
 .debug_aranges
                0x000006a0      0x208 CMakeFiles/iic.dir/Drivers/STM32F1xx_HAL_Driver/Src/stm32f1xx_hal_uart.c.obj
 .debug_aranges
                0x000008a8       0x28 CMakeFiles/iic.dir/Core/Src/system_stm32f1xx.c.obj
 .debug_aranges
                0x000008d0       0x28 CMakeFiles/iic.dir/startup_stm32f103xb.s.obj

.debug_ranges   0x00000000      0x868
 .debug_ranges  0x00000000       0x20 CMakeFiles/iic.dir/Core/Src/main.c.obj
 .debug_ranges  0x00000020       0x10 CMakeFiles/iic.dir/Core/Src/gpio.c.obj
 .debug_ranges  0x00000030       0x20 CMakeFiles/iic.dir/Core/Src/i2c.c.obj
 .debug_ranges  0x00000050       0x20 CMakeFiles/iic.dir/Core/Src/usart.c.obj
 .debug_ranges  0x00000070       0x50 CMakeFiles/iic.dir/Core/Src/stm32f1xx_it.c.obj
 .debug_ranges  0x000000c0       0x10 CMakeFiles/iic.dir/Core/Src/stm32f1xx_hal_msp.c.obj
 .debug_ranges  0x000000d0      0x2b0 CMakeFiles/iic.dir/Drivers/STM32F1xx_HAL_Driver/Src/stm32f1xx_hal_i2c.c.obj
 .debug_ranges  0x00000380       0xd0 CMakeFiles/iic.dir/Drivers/STM32F1xx_HAL_Driver/Src/stm32f1xx_hal.c.obj
 .debug_ranges  0x00000450       0x80 CMakeFiles/iic.dir/Drivers/STM32F1xx_HAL_Driver/Src/stm32f1xx_hal_rcc.c.obj
 .debug_ranges  0x000004d0       0x48 CMakeFiles/iic.dir/Drivers/STM32F1xx_HAL_Driver/Src/stm32f1xx_hal_gpio.c.obj
 .debug_ranges  0x00000518       0xf0 CMakeFiles/iic.dir/Drivers/STM32F1xx_HAL_Driver/Src/stm32f1xx_hal_cortex.c.obj
 .debug_ranges  0x00000608      0x228 CMakeFiles/iic.dir/Drivers/STM32F1xx_HAL_Driver/Src/stm32f1xx_hal_uart.c.obj
 .debug_ranges  0x00000830       0x18 CMakeFiles/iic.dir/Core/Src/system_stm32f1xx.c.obj
 .debug_ranges  0x00000848       0x20 CMakeFiles/iic.dir/startup_stm32f103xb.s.obj

.debug_macro    0x00000000    0x16742
 .debug_macro   0x00000000      0x1c4 CMakeFiles/iic.dir/Core/Src/main.c.obj
 .debug_macro   0x000001c4      0xa6c CMakeFiles/iic.dir/Core/Src/main.c.obj
 .debug_macro   0x00000c30      0x21b CMakeFiles/iic.dir/Core/Src/main.c.obj
 .debug_macro   0x00000e4b       0x2e CMakeFiles/iic.dir/Core/Src/main.c.obj
 .debug_macro   0x00000e79       0x22 CMakeFiles/iic.dir/Core/Src/main.c.obj
 .debug_macro   0x00000e9b       0x22 CMakeFiles/iic.dir/Core/Src/main.c.obj
 .debug_macro   0x00000ebd       0x8e CMakeFiles/iic.dir/Core/Src/main.c.obj
 .debug_macro   0x00000f4b       0x51 CMakeFiles/iic.dir/Core/Src/main.c.obj
 .debug_macro   0x00000f9c      0x103 CMakeFiles/iic.dir/Core/Src/main.c.obj
 .debug_macro   0x0000109f       0x6a CMakeFiles/iic.dir/Core/Src/main.c.obj
 .debug_macro   0x00001109      0x1df CMakeFiles/iic.dir/Core/Src/main.c.obj
 .debug_macro   0x000012e8       0x1c CMakeFiles/iic.dir/Core/Src/main.c.obj
 .debug_macro   0x00001304       0x22 CMakeFiles/iic.dir/Core/Src/main.c.obj
 .debug_macro   0x00001326       0xbd CMakeFiles/iic.dir/Core/Src/main.c.obj
 .debug_macro   0x000013e3      0xd23 CMakeFiles/iic.dir/Core/Src/main.c.obj
 .debug_macro   0x00002106     0xe09e CMakeFiles/iic.dir/Core/Src/main.c.obj
 .debug_macro   0x000101a4       0x6d CMakeFiles/iic.dir/Core/Src/main.c.obj
 .debug_macro   0x00010211     0x34a2 CMakeFiles/iic.dir/Core/Src/main.c.obj
 .debug_macro   0x000136b3      0x174 CMakeFiles/iic.dir/Core/Src/main.c.obj
 .debug_macro   0x00013827       0x5c CMakeFiles/iic.dir/Core/Src/main.c.obj
 .debug_macro   0x00013883      0x5bc CMakeFiles/iic.dir/Core/Src/main.c.obj
 .debug_macro   0x00013e3f      0x289 CMakeFiles/iic.dir/Core/Src/main.c.obj
 .debug_macro   0x000140c8      0x1cb CMakeFiles/iic.dir/Core/Src/main.c.obj
 .debug_macro   0x00014293      0x114 CMakeFiles/iic.dir/Core/Src/main.c.obj
 .debug_macro   0x000143a7      0x1b2 CMakeFiles/iic.dir/Core/Src/main.c.obj
 .debug_macro   0x00014559       0x27 CMakeFiles/iic.dir/Core/Src/main.c.obj
 .debug_macro   0x00014580      0x136 CMakeFiles/iic.dir/Core/Src/main.c.obj
 .debug_macro   0x000146b6      0x1bc CMakeFiles/iic.dir/Core/Src/main.c.obj
 .debug_macro   0x00014872       0x34 CMakeFiles/iic.dir/Core/Src/main.c.obj
 .debug_macro   0x000148a6       0x3c CMakeFiles/iic.dir/Core/Src/main.c.obj
 .debug_macro   0x000148e2       0x57 CMakeFiles/iic.dir/Core/Src/main.c.obj
 .debug_macro   0x00014939       0x87 CMakeFiles/iic.dir/Core/Src/main.c.obj
 .debug_macro   0x000149c0      0x240 CMakeFiles/iic.dir/Core/Src/main.c.obj
 .debug_macro   0x00014c00      0x287 CMakeFiles/iic.dir/Core/Src/main.c.obj
 .debug_macro   0x00014e87      0x140 CMakeFiles/iic.dir/Core/Src/main.c.obj
 .debug_macro   0x00014fc7      0x28e CMakeFiles/iic.dir/Core/Src/main.c.obj
 .debug_macro   0x00015255       0x83 CMakeFiles/iic.dir/Core/Src/main.c.obj
 .debug_macro   0x000152d8      0x1ac CMakeFiles/iic.dir/Core/Src/gpio.c.obj
 .debug_macro   0x00015484      0x1ac CMakeFiles/iic.dir/Core/Src/i2c.c.obj
 .debug_macro   0x00015630      0x1ac CMakeFiles/iic.dir/Core/Src/usart.c.obj
 .debug_macro   0x000157dc      0x1ac CMakeFiles/iic.dir/Core/Src/stm32f1xx_it.c.obj
 .debug_macro   0x00015988      0x1a2 CMakeFiles/iic.dir/Core/Src/stm32f1xx_hal_msp.c.obj
 .debug_macro   0x00015b2a      0x1e6 CMakeFiles/iic.dir/Drivers/STM32F1xx_HAL_Driver/Src/stm32f1xx_hal_i2c.c.obj
 .debug_macro   0x00015d10      0x1bc CMakeFiles/iic.dir/Drivers/STM32F1xx_HAL_Driver/Src/stm32f1xx_hal.c.obj
 .debug_macro   0x00015ecc      0x1aa CMakeFiles/iic.dir/Drivers/STM32F1xx_HAL_Driver/Src/stm32f1xx_hal_rcc.c.obj
 .debug_macro   0x00016076      0x203 CMakeFiles/iic.dir/Drivers/STM32F1xx_HAL_Driver/Src/stm32f1xx_hal_gpio.c.obj
 .debug_macro   0x00016279      0x198 CMakeFiles/iic.dir/Drivers/STM32F1xx_HAL_Driver/Src/stm32f1xx_hal_cortex.c.obj
 .debug_macro   0x00016411      0x199 CMakeFiles/iic.dir/Drivers/STM32F1xx_HAL_Driver/Src/stm32f1xx_hal_uart.c.obj
 .debug_macro   0x000165aa      0x198 CMakeFiles/iic.dir/Core/Src/system_stm32f1xx.c.obj

.debug_line     0x00000000     0xa82b
 .debug_line    0x00000000      0x54d CMakeFiles/iic.dir/Core/Src/main.c.obj
 .debug_line    0x0000054d      0x4c4 CMakeFiles/iic.dir/Core/Src/gpio.c.obj
 .debug_line    0x00000a11      0x52d CMakeFiles/iic.dir/Core/Src/i2c.c.obj
 .debug_line    0x00000f3e      0x537 CMakeFiles/iic.dir/Core/Src/usart.c.obj
 .debug_line    0x00001475      0x58a CMakeFiles/iic.dir/Core/Src/stm32f1xx_it.c.obj
 .debug_line    0x000019ff      0x4c9 CMakeFiles/iic.dir/Core/Src/stm32f1xx_hal_msp.c.obj
 .debug_line    0x00001ec8     0x3909 CMakeFiles/iic.dir/Drivers/STM32F1xx_HAL_Driver/Src/stm32f1xx_hal_i2c.c.obj
 .debug_line    0x000057d1      0x773 CMakeFiles/iic.dir/Drivers/STM32F1xx_HAL_Driver/Src/stm32f1xx_hal.c.obj
 .debug_line    0x00005f44      0xb7f CMakeFiles/iic.dir/Drivers/STM32F1xx_HAL_Driver/Src/stm32f1xx_hal_rcc.c.obj
 .debug_line    0x00006ac3      0x80c CMakeFiles/iic.dir/Drivers/STM32F1xx_HAL_Driver/Src/stm32f1xx_hal_gpio.c.obj
 .debug_line    0x000072cf      0x95b CMakeFiles/iic.dir/Drivers/STM32F1xx_HAL_Driver/Src/stm32f1xx_hal_cortex.c.obj
 .debug_line    0x00007c2a     0x263a CMakeFiles/iic.dir/Drivers/STM32F1xx_HAL_Driver/Src/stm32f1xx_hal_uart.c.obj
 .debug_line    0x0000a264      0x546 CMakeFiles/iic.dir/Core/Src/system_stm32f1xx.c.obj
 .debug_line    0x0000a7aa       0x81 CMakeFiles/iic.dir/startup_stm32f103xb.s.obj

.debug_str      0x00000000    0x8088e
 .debug_str     0x00000000    0x7df05 CMakeFiles/iic.dir/Core/Src/main.c.obj
                              0x7e223 (size before relaxing)
 .debug_str     0x0007df05       0x70 CMakeFiles/iic.dir/Core/Src/gpio.c.obj
                              0x7e0f4 (size before relaxing)
 .debug_str     0x0007df75      0x47e CMakeFiles/iic.dir/Core/Src/i2c.c.obj
                              0x7e609 (size before relaxing)
 .debug_str     0x0007e3f3      0x238 CMakeFiles/iic.dir/Core/Src/usart.c.obj
                              0x7e596 (size before relaxing)
 .debug_str     0x0007e62b       0xc7 CMakeFiles/iic.dir/Core/Src/stm32f1xx_it.c.obj
                              0x7e12b (size before relaxing)
 .debug_str     0x0007e6f2       0x64 CMakeFiles/iic.dir/Core/Src/stm32f1xx_hal_msp.c.obj
                              0x7e122 (size before relaxing)
 .debug_str     0x0007e756      0xbe0 CMakeFiles/iic.dir/Drivers/STM32F1xx_HAL_Driver/Src/stm32f1xx_hal_i2c.c.obj
                              0x7f1c0 (size before relaxing)
 .debug_str     0x0007f336      0x5d7 CMakeFiles/iic.dir/Drivers/STM32F1xx_HAL_Driver/Src/stm32f1xx_hal.c.obj
                              0x7e831 (size before relaxing)
 .debug_str     0x0007f90d      0x26a CMakeFiles/iic.dir/Drivers/STM32F1xx_HAL_Driver/Src/stm32f1xx_hal_rcc.c.obj
                              0x7e555 (size before relaxing)
 .debug_str     0x0007fb77      0x34a CMakeFiles/iic.dir/Drivers/STM32F1xx_HAL_Driver/Src/stm32f1xx_hal_gpio.c.obj
                              0x7e4d3 (size before relaxing)
 .debug_str     0x0007fec1      0x314 CMakeFiles/iic.dir/Drivers/STM32F1xx_HAL_Driver/Src/stm32f1xx_hal_cortex.c.obj
                              0x7e7cc (size before relaxing)
 .debug_str     0x000801d5      0x62c CMakeFiles/iic.dir/Drivers/STM32F1xx_HAL_Driver/Src/stm32f1xx_hal_uart.c.obj
                              0x7eb76 (size before relaxing)
 .debug_str     0x00080801       0x5c CMakeFiles/iic.dir/Core/Src/system_stm32f1xx.c.obj
                              0x7e14d (size before relaxing)
 .debug_str     0x0008085d       0x31 CMakeFiles/iic.dir/startup_stm32f103xb.s.obj
                                 0x4a (size before relaxing)

.comment        0x00000000       0x4d
 .comment       0x00000000       0x4d CMakeFiles/iic.dir/Core/Src/main.c.obj
                                 0x4e (size before relaxing)
 .comment       0x0000004d       0x4e CMakeFiles/iic.dir/Core/Src/gpio.c.obj
 .comment       0x0000004d       0x4e CMakeFiles/iic.dir/Core/Src/i2c.c.obj
 .comment       0x0000004d       0x4e CMakeFiles/iic.dir/Core/Src/usart.c.obj
 .comment       0x0000004d       0x4e CMakeFiles/iic.dir/Core/Src/stm32f1xx_it.c.obj
 .comment       0x0000004d       0x4e CMakeFiles/iic.dir/Core/Src/stm32f1xx_hal_msp.c.obj
 .comment       0x0000004d       0x4e CMakeFiles/iic.dir/Drivers/STM32F1xx_HAL_Driver/Src/stm32f1xx_hal_i2c.c.obj
 .comment       0x0000004d       0x4e CMakeFiles/iic.dir/Drivers/STM32F1xx_HAL_Driver/Src/stm32f1xx_hal.c.obj
 .comment       0x0000004d       0x4e CMakeFiles/iic.dir/Drivers/STM32F1xx_HAL_Driver/Src/stm32f1xx_hal_rcc.c.obj
 .comment       0x0000004d       0x4e CMakeFiles/iic.dir/Drivers/STM32F1xx_HAL_Driver/Src/stm32f1xx_hal_gpio.c.obj
 .comment       0x0000004d       0x4e CMakeFiles/iic.dir/Drivers/STM32F1xx_HAL_Driver/Src/stm32f1xx_hal_cortex.c.obj
 .comment       0x0000004d       0x4e CMakeFiles/iic.dir/Drivers/STM32F1xx_HAL_Driver/Src/stm32f1xx_hal_uart.c.obj
 .comment       0x0000004d       0x4e CMakeFiles/iic.dir/Core/Src/system_stm32f1xx.c.obj
